#-----------------------------------------------------------
# Vivado v2024.1 (64-bit)
# SW Build 5076996 on Wed May 22 18:37:14 MDT 2024
# IP Build 5075265 on Wed May 22 21:45:21 MDT 2024
# SharedData Build 5076995 on Wed May 22 18:29:18 MDT 2024
# Start of session at: Mon Aug 19 18:12:42 2024
# Process ID: 21188
# Current directory: C:/Users/maina/fpga/multiplexers/multiplexers.runs/synth_1
# Command line: vivado.exe -log mux_4_1.vds -product Vivado -mode batch -messageDb vivado.pb -notrace -source mux_4_1.tcl
# Log file: C:/Users/maina/fpga/multiplexers/multiplexers.runs/synth_1/mux_4_1.vds
# Journal file: C:/Users/maina/fpga/multiplexers/multiplexers.runs/synth_1\vivado.jou
# Running On        :LAPTOP-PPMN0OSU
# Platform          :Windows Server 2016 or Windows 10
# Operating System  :22631
# Processor Detail  :AMD Ryzen 5 5500H with Radeon Graphics         
# CPU Frequency     :3294 MHz
# CPU Physical cores:4
# CPU Logical cores :8
# Host memory       :6287 MB
# Swap memory       :11936 MB
# Total Virtual     :18224 MB
# Available Virtual :2512 MB
#-----------------------------------------------------------
source mux_4_1.tcl -notrace
