Component: ARM Compiler 5.06 update 6 (build 750) Tool: armlink [4d35ed]

==============================================================================

Section Cross References

    lpc2300.o(STACK) refers (Special) to heapauxi.o(.text) for __use_two_region_memory
    lpc2300.o(HEAP) refers (Special) to heapauxi.o(.text) for __use_two_region_memory
    lpc2300.o(RESET) refers (Special) to heapauxi.o(.text) for __use_two_region_memory
    lpc2300.o(RESET) refers to lpc2300.o(STACK) for Stack_Top
    lpc2300.o(RESET) refers to __main.o(!!!main) for __main
    lpc2300.o(.text) refers (Special) to heapauxi.o(.text) for __use_two_region_memory
    lpc2300.o(.text) refers to lpc2300.o(HEAP) for Heap_Mem
    lpc2300.o(.text) refers to lpc2300.o(STACK) for Stack_Mem
    main.o(i.main) refers to _printf_percent.o(.ARM.Collect$$_printf_percent$$00000000) for _printf_percent
    main.o(i.main) refers to _printf_f.o(.ARM.Collect$$_printf_percent$$00000003) for _printf_f
    main.o(i.main) refers to printf1.o(x$fpl$printf1) for _printf_fp_dec
    main.o(i.main) refers to _printf_s.o(.ARM.Collect$$_printf_percent$$00000014) for _printf_s
    main.o(i.main) refers to _printf_str.o(.text) for _printf_str
    main.o(i.main) refers to lcd_4bit.o(i.lcd_init) for lcd_init
    main.o(i.main) refers to lcd_4bit.o(i.lcd_clear) for lcd_clear
    main.o(i.main) refers to lcd_4bit.o(i.lcd_print) for lcd_print
    main.o(i.main) refers to dflt_noclz.o(x$fpl$dfltu) for __aeabi_ui2d
    main.o(i.main) refers to ddiv.o(x$fpl$ddiv) for __aeabi_ddiv
    main.o(i.main) refers to dmul.o(x$fpl$dmul) for __aeabi_dmul
    main.o(i.main) refers to d2f.o(x$fpl$d2f) for __aeabi_d2f
    main.o(i.main) refers to f2d.o(x$fpl$f2d) for __aeabi_f2d
    main.o(i.main) refers to noretval__2sprintf.o(.text) for __2sprintf
    main.o(i.main) refers to lcd_4bit.o(i.set_cursor) for set_cursor
    main.o(i.main) refers to noretval__2printf.o(.text) for __2printf
    main.o(i.main) refers to main.o(i.delay) for delay
    main.o(i.main) refers to main.o(.data) for adcdata
    lcd_4bit.o(i.lcd_clear) refers to lcd_4bit.o(i.lcd_write_cmd) for lcd_write_cmd
    lcd_4bit.o(i.lcd_clear) refers to lcd_4bit.o(i.set_cursor) for set_cursor
    lcd_4bit.o(i.lcd_init) refers to lcd_4bit.o(i.delay) for delay
    lcd_4bit.o(i.lcd_init) refers to lcd_4bit.o(i.lcd_write_4bit) for lcd_write_4bit
    lcd_4bit.o(i.lcd_init) refers to lcd_4bit.o(i.lcd_write_cmd) for lcd_write_cmd
    lcd_4bit.o(i.lcd_init) refers to lcd_4bit.o(i.lcd_putchar) for lcd_putchar
    lcd_4bit.o(i.lcd_init) refers to lcd_4bit.o(.constdata) for UserFont
    lcd_4bit.o(i.lcd_print) refers to lcd_4bit.o(i.lcd_putchar) for lcd_putchar
    lcd_4bit.o(i.lcd_putchar) refers to lcd_4bit.o(i.lcd_write_data) for lcd_write_data
    lcd_4bit.o(i.lcd_read_status) refers to lcd_4bit.o(i.delay) for delay
    lcd_4bit.o(i.lcd_write_4bit) refers to lcd_4bit.o(i.delay) for delay
    lcd_4bit.o(i.lcd_write_cmd) refers to lcd_4bit.o(i.wait_while_busy) for wait_while_busy
    lcd_4bit.o(i.lcd_write_cmd) refers to lcd_4bit.o(i.lcd_write_4bit) for lcd_write_4bit
    lcd_4bit.o(i.lcd_write_data) refers to lcd_4bit.o(i.wait_while_busy) for wait_while_busy
    lcd_4bit.o(i.lcd_write_data) refers to lcd_4bit.o(i.lcd_write_4bit) for lcd_write_4bit
    lcd_4bit.o(i.set_cursor) refers to lcd_4bit.o(i.lcd_write_cmd) for lcd_write_cmd
    lcd_4bit.o(i.wait_while_busy) refers to lcd_4bit.o(i.lcd_read_status) for lcd_read_status
    __2printf.o(.text) refers to _printf_char_file.o(.text) for _printf_char_file
    __2printf.o(.text) refers to stdio_streams.o(.bss) for __stdout
    __2sprintf.o(.text) refers to _printf_char_common.o(.text) for _printf_char_common
    __2sprintf.o(.text) refers to _sputc.o(.text) for _sputc
    noretval__2printf.o(.text) refers to _printf_char_file.o(.text) for _printf_char_file
    noretval__2printf.o(.text) refers to stdio_streams.o(.bss) for __stdout
    noretval__2sprintf.o(.text) refers to _printf_char_common.o(.text) for _printf_char_common
    noretval__2sprintf.o(.text) refers to _sputc.o(.text) for _sputc
    __printf.o(.text) refers to __printf.o(i.__ARM_common_call_via_r1) for __ARM_common_call_via_r1
    __printf.o(.text) refers to _printf_percent.o(.ARM.Collect$$_printf_percent$$00000000) for _printf_percent
    __printf.o(.text) refers to __printf.o(i.__ARM_common_call_via_r2) for __ARM_common_call_via_r2
    _printf_str.o(.text) refers (Special) to _printf_char.o(.text) for _printf_cs_common
    _printf_str.o(.text) refers to __printf.o(i.__ARM_common_call_via_r2) for __ARM_common_call_via_r2
    __printf_flags.o(.text) refers to __printf.o(i.__ARM_common_call_via_r1) for __ARM_common_call_via_r1
    __printf_flags.o(.text) refers to _printf_percent.o(.ARM.Collect$$_printf_percent$$00000000) for _printf_percent
    __printf_flags.o(.text) refers to __printf.o(i.__ARM_common_call_via_r2) for __ARM_common_call_via_r2
[...]
22 Veneer(s) (total 120 bytes) added to the image.

==============================================================================

Image Symbol Table

    Local Symbols

    Symbol Name                              Value     Ov Type        Size  Object(Section)

    RESET                                    0x00000000   Section      564  lpc2300.o(RESET)
    ../clib/angel/boardlib.s                 0x00000000   Number         0  boardshut.o ABSOLUTE
    ../clib/angel/boardlib.s                 0x00000000   Number         0  boardinit2.o ABSOLUTE
    ../clib/angel/boardlib.s                 0x00000000   Number         0  boardinit1.o ABSOLUTE
    ../clib/angel/boardlib.s                 0x00000000   Number         0  boardinit3.o ABSOLUTE
    ../clib/angel/handlers.s                 0x00000000   Number         0  __scatter_copy.o ABSOLUTE
    ../clib/angel/handlers.s                 0x00000000   Number         0  __scatter_zi.o ABSOLUTE
    ../clib/angel/kernel.s                   0x00000000   Number         0  __rtentry4.o ABSOLUTE
    ../clib/angel/kernel.s                   0x00000000   Number         0  __rtentry2.o ABSOLUTE
    ../clib/angel/kernel.s                   0x00000000   Number         0  rtexit.o ABSOLUTE
    ../clib/angel/kernel.s                   0x00000000   Number         0  __rtentry.o ABSOLUTE
    ../clib/angel/kernel.s                   0x00000000   Number         0  rtexit2.o ABSOLUTE
    ../clib/angel/rt.s                       0x00000000   Number         0  aeabi_idiv0_sigfpe.o ABSOLUTE
    ../clib/angel/rt.s                       0x00000000   Number         0  rt_raise.o ABSOLUTE
    ../clib/angel/rt.s                       0x00000000   Number         0  rt_heap_descriptor.o ABSOLUTE
    ../clib/angel/rt.s                       0x00000000   Number         0  rt_errno_addr_intlibspace.o ABSOLUTE
    ../clib/angel/rt.s                       0x00000000   Number         0  rt_errno_addr.o ABSOLUTE
    ../clib/angel/rt.s                       0x00000000   Number         0  rt_locale.o ABSOLUTE
    ../clib/angel/rt.s                       0x00000000   Number         0  rt_locale_intlibspace.o ABSOLUTE
    ../clib/angel/rt.s                       0x00000000   Number         0  aeabi_idiv0.o ABSOLUTE
    ../clib/angel/rt.s                       0x00000000   Number         0  rt_heap_descriptor_intlibspace.o ABSOLUTE
    ../clib/angel/rt.s                       0x00000000   Number         0  rt_div0.o ABSOLUTE
    ../clib/angel/scatter.s                  0x00000000   Number         0  __scatter.o ABSOLUTE
    ../clib/angel/startup.s                  0x00000000   Number         0  __main.o ABSOLUTE
    ../clib/angel/sys.s                      0x00000000   Number         0  indicate_semi.o ABSOLUTE
    ../clib/angel/sys.s                      0x00000000   Number         0  use_no_semi.o ABSOLUTE
    ../clib/angel/sys.s                      0x00000000   Number         0  sys_stackheap_outer.o ABSOLUTE
    ../clib/angel/sys.s                      0x00000000   Number         0  mutex_dummy.o ABSOLUTE
    ../clib/angel/sys.s                      0x00000000   Number         0  libspace.o ABSOLUTE
    ../clib/angel/sysapp.c                   0x00000000   Number         0  sys_wrch.o ABSOLUTE
    ../clib/angel/sysapp.c                   0x00000000   Number         0  sys_io.o ABSOLUTE
    ../clib/angel/sysapp.c                   0x00000000   Number         0  sys_command.o ABSOLUTE
    ../clib/angel/sysapp.c                   0x00000000   Number         0  sys_exit.o ABSOLUTE
    ../clib/armsys.c                         0x00000000   Number         0  argv_veneer.o ABSOLUTE
    ../clib/armsys.c                         0x00000000   Number         0  _get_argv.o ABSOLUTE
    ../clib/armsys.c                         0x00000000   Number         0  argv_veneer.o ABSOLUTE
    ../clib/armsys.c                         0x00000000   Number         0  no_argv.o ABSOLUTE
    ../clib/armsys.c                         0x00000000   Number         0  _get_argv_nomalloc.o ABSOLUTE
    ../clib/assert.c                         0x00000000   Number         0  assert_stdio.o ABSOLUTE
    ../clib/bigflt.c                         0x00000000   Number         0  bigflt0.o ABSOLUTE
    ../clib/btod.s                           0x00000000   Number         0  btod.o ABSOLUTE
    ../clib/division.s                       0x00000000   Number         0  aeabi_sdiv_div0.o ABSOLUTE
    ../clib/division.s                       0x00000000   Number         0  aeabi_sdiv.o ABSOLUTE
    ../clib/division.s                       0x00000000   Number         0  rtudiv10.o ABSOLUTE
    ../clib/divrt.s                          0x00000000   Number         0  divrt_7tdmi.o ABSOLUTE
    ../clib/divrt.s                          0x00000000   Number         0  divrt_7tdmi_div0.o ABSOLUTE
    ../clib/heap1.c                          0x00000000   Number         0  h1_init_mt.o ABSOLUTE
    ../clib/heap1.c                          0x00000000   Number         0  h1_init.o ABSOLUTE
    ../clib/heap1.c                          0x00000000   Number         0  h1_alloc.o ABSOLUTE
    ../clib/heap1.c                          0x00000000   Number         0  h1_extend_mt.o ABSOLUTE
    ../clib/heap1.c                          0x00000000   Number         0  h1_free_mt.o ABSOLUTE
    ../clib/heap1.c                          0x00000000   Number         0  h1_alloc_mt.o ABSOLUTE
    ../clib/heap1.c                          0x00000000   Number         0  h1_extend.o ABSOLUTE
    ../clib/heap1.c                          0x00000000   Number         0  h1_final_mt.o ABSOLUTE
    ../clib/heap1.c                          0x00000000   Number         0  h1_free.o ABSOLUTE
    ../clib/heap1.c                          0x00000000   Number         0  h1_final.o ABSOLUTE
    ../clib/heap2.c                          0x00000000   Number         0  fdtree.o ABSOLUTE
    ../clib/heap2.c                          0x00000000   Number         0  heap2.o ABSOLUTE
    ../clib/heap2.c                          0x00000000   Number         0  heap2mt.o ABSOLUTE
    ../clib/heapalloc.c                      0x00000000   Number         0  maybetermalloc1.o ABSOLUTE
    ../clib/heapalloc.c                      0x00000000   Number         0  maybetermalloc1.o ABSOLUTE
    ../clib/heapalloc.c                      0x00000000   Number         0  heapstubs.o ABSOLUTE
    ../clib/heapalloc.c                      0x00000000   Number         0  malloc.o ABSOLUTE
    ../clib/heapalloc.c                      0x00000000   Number         0  free.o ABSOLUTE
    ../clib/heapalloc.c                      0x00000000   Number         0  hguard.o ABSOLUTE
    ../clib/heapalloc.c                      0x00000000   Number         0  term_alloc.o ABSOLUTE
    ../clib/heapalloc.c                      0x00000000   Number         0  init_alloc.o ABSOLUTE
    ../clib/heapalloc.c                      0x00000000   Number         0  hrguard.o ABSOLUTE
    ../clib/heapalloc.c                      0x00000000   Number         0  maybetermalloc2.o ABSOLUTE
    ../clib/heapalloc.c                      0x00000000   Number         0  maybetermalloc2.o ABSOLUTE
    ../clib/heapaux.c                        0x00000000   Number         0  heapauxa.o ABSOLUTE
    ../clib/heapaux.c                        0x00000000   Number         0  heapauxi.o ABSOLUTE
    ../clib/libinit.s                        0x00000000   Number         0  libshutdown.o ABSOLUTE
    ../clib/libinit.s                        0x00000000   Number         0  libinit2.o ABSOLUTE
    ../clib/libinit.s                        0x00000000   Number         0  libinit.o ABSOLUTE
    ../clib/libinit.s                        0x00000000   Number         0  libshutdown2.o ABSOLUTE
    ../clib/locale.s                         0x00000000   Number         0  lc_numeric_c.o ABSOLUTE
    ../clib/longlong.s                       0x00000000   Number         0  lludiv10.o ABSOLUTE
    ../clib/memcpset.s                       0x00000000   Number         0  rt_memclr_w.o ABSOLUTE
    ../clib/memcpset.s                       0x00000000   Number         0  rt_memcpy_w.o ABSOLUTE
    ../clib/memcpset.s                       0x00000000   Number         0  rt_memcpy.o ABSOLUTE
    ../clib/memcpset.s                       0x00000000   Number         0  strcmp.o ABSOLUTE
    ../clib/printf.c                         0x00000000   Number         0  __printf.o ABSOLUTE
    ../clib/printf.c                         0x00000000   Number         0  __printf_flags.o ABSOLUTE
    ../clib/printf.c                         0x00000000   Number         0  __printf_ss.o ABSOLUTE
    ../clib/printf.c                         0x00000000   Number         0  __printf_flags_ss.o ABSOLUTE
    ../clib/printf.c                         0x00000000   Number         0  __printf_wp.o ABSOLUTE
    ../clib/printf.c                         0x00000000   Number         0  __printf_flags_wp.o ABSOLUTE
    ../clib/printf.c                         0x00000000   Number         0  __printf_ss_wp.o ABSOLUTE
    ../clib/printf.c                         0x00000000   Number         0  __printf_flags_ss_wp.o ABSOLUTE
    ../clib/printf.c                         0x00000000   Number         0  _printf_fp_dec.o ABSOLUTE
    ../clib/printf.c                         0x00000000   Number         0  _printf_char_common.o ABSOLUTE
    ../clib/printf.c                         0x00000000   Number         0  _sputc.o ABSOLUTE
    ../clib/printf.c                         0x00000000   Number         0  _printf_char.o ABSOLUTE
    ../clib/printf.c                         0x00000000   Number         0  _printf_char_file.o ABSOLUTE
    ../clib/printf.c                         0x00000000   Number         0  _printf_str.o ABSOLUTE
    ../clib/printf.c                         0x00000000   Number         0  _printf_char_file_locked.o ABSOLUTE
    ../clib/printf.c                         0x00000000   Number         0  _printf_fp_infnan.o ABSOLUTE
    ../clib/printf.c                         0x00000000   Number         0  __printf_nopercent.o ABSOLUTE
    ../clib/printf.c                         0x00000000   Number         0  __2printf.o ABSOLUTE
    ../clib/printf.c                         0x00000000   Number         0  __2sprintf.o ABSOLUTE
    ../clib/printf.c                         0x00000000   Number         0  noretval__2printf.o ABSOLUTE
    ../clib/printf.c                         0x00000000   Number         0  noretval__2sprintf.o ABSOLUTE
    ../clib/printf_percent.s                 0x00000000   Number         0  _printf_percent_end.o ABSOLUTE
    ../clib/printf_percent.s                 0x00000000   Number         0  _printf_s.o ABSOLUTE
    ../clib/printf_percent.s                 0x00000000   Number         0  _printf_percent.o ABSOLUTE
    ../clib/printf_percent.s                 0x00000000   Number         0  _printf_f.o ABSOLUTE
    ../clib/signal.c                         0x00000000   Number         0  defsig_pvfn_inner.o ABSOLUTE
    ../clib/signal.c                         0x00000000   Number         0  defsig_exit.o ABSOLUTE
    ../clib/signal.c                         0x00000000   Number         0  defsig_rtmem_outer.o ABSOLUTE
    ../clib/signal.c                         0x00000000   Number         0  defsig_rtred_inner.o ABSOLUTE
    ../clib/signal.c                         0x00000000   Number         0  defsig_stak_inner.o ABSOLUTE
    ../clib/signal.c                         0x00000000   Number         0  defsig_fpe_inner.o ABSOLUTE
    ../clib/signal.c                         0x00000000   Number         0  defsig_abrt_inner.o ABSOLUTE
    ../clib/signal.c                         0x00000000   Number         0  defsig_rtred_outer.o ABSOLUTE
    ../clib/signal.c                         0x00000000   Number         0  defsig_rtmem_formal.o ABSOLUTE
    ../clib/signal.c                         0x00000000   Number         0  defsig_rtred_formal.o ABSOLUTE
    ../clib/signal.c                         0x00000000   Number         0  __raise.o ABSOLUTE
    ../clib/signal.c                         0x00000000   Number         0  defsig_general.o ABSOLUTE
    ../clib/signal.c                         0x00000000   Number         0  defsig_rtmem_inner.o ABSOLUTE
    ../clib/signal.c                         0x00000000   Number         0  defsig_fpe_formal.o ABSOLUTE
    ../clib/signal.c                         0x00000000   Number         0  defsig_fpe_outer.o ABSOLUTE
    ../clib/signal.c                         0x00000000   Number         0  defsig_other.o ABSOLUTE
    ../clib/signal.c                         0x00000000   Number         0  defsig_segv_inner.o ABSOLUTE
    ../clib/signal.c                         0x00000000   Number         0  defsig_cppl_inner.o ABSOLUTE
    ../clib/signal.s                         0x00000000   Number         0  defsig.o ABSOLUTE
    ../clib/stdio.c                          0x00000000   Number         0  ferror_locked.o ABSOLUTE
    ../clib/stdio.c                          0x00000000   Number         0  initio_locked.o ABSOLUTE
    ../clib/stdio.c                          0x00000000   Number         0  fopen_locked.o ABSOLUTE
    ../clib/stdio.c                          0x00000000   Number         0  fputc.o ABSOLUTE
    ../clib/stdio.c                          0x00000000   Number         0  fclose.o ABSOLUTE
    ../clib/stdio.c                          0x00000000   Number         0  ftell.o ABSOLUTE
    ../clib/stdio.c                          0x00000000   Number         0  fopen.o ABSOLUTE
    ../clib/stdio.c                          0x00000000   Number         0  streamlock.o ABSOLUTE
    ../clib/stdio.c                          0x00000000   Number         0  setvbuf.o ABSOLUTE
    ../clib/stdio.c                          0x00000000   Number         0  flsbuf.o ABSOLUTE
    ../clib/stdio.c                          0x00000000   Number         0  fseek.o ABSOLUTE
    ../clib/stdio.c                          0x00000000   Number         0  stdio_streams.o ABSOLUTE
    ../clib/stdio.c                          0x00000000   Number         0  fwritefast_locked.o ABSOLUTE
    ../clib/stdio.c                          0x00000000   Number         0  setvbuf_locked.o ABSOLUTE
    ../clib/stdio.c                          0x00000000   Number         0  stdio.o ABSOLUTE
    ../clib/stdio.c                          0x00000000   Number         0  fflush.o ABSOLUTE
    ../clib/stdio.c                          0x00000000   Number         0  fputs.o ABSOLUTE
    ../clib/stdio.c                          0x00000000   Number         0  fputs_locked.o ABSOLUTE
    ../clib/stdio.c                          0x00000000   Number         0  ferror.o ABSOLUTE
    ../clib/stdio.c                          0x00000000   Number         0  fflush_locked.o ABSOLUTE
    ../clib/stdio.c                          0x00000000   Number         0  initio.o ABSOLUTE
    ../clib/stdio.c                          0x00000000   Number         0  fwritefast.o ABSOLUTE
    ../clib/stdio.c                          0x00000000   Number         0  fputc_locked.o ABSOLUTE
    ../clib/stdlib.c                         0x00000000   Number         0  exit.o ABSOLUTE
    ../clib/string.c                         0x00000000   Number         0  strlen.o ABSOLUTE
    ../clib/wchar.c                          0x00000000   Number         0  flsbuf_fwide.o ABSOLUTE
    ../fplib/d2f.s                           0x00000000   Number         0  d2f.o ABSOLUTE
    ../fplib/ddiv.s                          0x00000000   Number         0  ddiv.o ABSOLUTE
    ../fplib/dflt.s                          0x00000000   Number         0  dflt_noclz.o ABSOLUTE
    ../fplib/dmul.s                          0x00000000   Number         0  dmul.o ABSOLUTE
    ../fplib/dnaninf.s                       0x00000000   Number         0  dnaninf.o ABSOLUTE
    ../fplib/dretinf.s                       0x00000000   Number         0  dretinf.o ABSOLUTE
    ../fplib/f2d.s                           0x00000000   Number         0  f2d.o ABSOLUTE
    ../fplib/fnaninf.s                       0x00000000   Number         0  fnaninf.o ABSOLUTE
    ../fplib/fpinit.s                        0x00000000   Number         0  fpinit.o ABSOLUTE
    ../fplib/fretinf.s                       0x00000000   Number         0  fretinf.o ABSOLUTE
    ../fplib/istatus.s                       0x00000000   Number         0  istatus.o ABSOLUTE
    ../fplib/printf1.s                       0x00000000   Number         0  printf1.o ABSOLUTE
    ../fplib/usenofp.s                       0x00000000   Number         0  usenofp.o ABSOLUTE
    ../mathlib/fpclassify.c                  0x00000000   Number         0  fpclassify.o ABSOLUTE
    LCD_4bit.c                               0x00000000   Number         0  lcd_4bit.o ABSOLUTE
    LPC2300.s                                0x00000000   Number         0  lpc2300.o ABSOLUTE
    dc.s                                     0x00000000   Number         0  dc.o ABSOLUTE
    main.c                                   0x00000000   Number         0  main.o ABSOLUTE
    Undef_Handler                            0x00000040   ARM Code       4  lpc2300.o(RESET)
    SWI_Handler                              0x00000044   ARM Code       4  lpc2300.o(RESET)
    PAbt_Handler                             0x00000048   ARM Code       4  lpc2300.o(RESET)
    DAbt_Handler                             0x0000004c   ARM Code       4  lpc2300.o(RESET)
    IRQ_Handler                              0x00000050   ARM Code       4  lpc2300.o(RESET)
    FIQ_Handler                              0x00000054   ARM Code       4  lpc2300.o(RESET)
    !!!main                                  0x00000234   Section        8  __main.o(!!!main)
    !!!scatter                               0x0000023c   Section       60  __scatter.o(!!!scatter)
    !!handler_copy                           0x00000278   Section       40  __scatter_copy.o(!!handler_copy)
    !!handler_zi                             0x000002a0   Section       44  __scatter_zi.o(!!handler_zi)
    .ARM.Collect$$_printf_percent$$00000000  0x000002d0   Section        0  _printf_percent.o(.ARM.Collect$$_printf_percent$$00000000)
    .ARM.Collect$$_printf_percent$$00000003  0x000002d0   Section        8  _printf_f.o(.ARM.Collect$$_printf_percent$$00000003)
    .ARM.Collect$$_printf_percent$$00000014  0x000002d8   Section        8  _printf_s.o(.ARM.Collect$$_printf_percent$$00000014)
    .ARM.Collect$$_printf_percent$$00000017  0x000002e0   Section        8  _printf_percent_end.o(.ARM.Collect$$_printf_percent$$00000017)
    .ARM.Collect$$libinit$$00000000          0x000002f0   Section        2  libinit.o(.ARM.Collect$$libinit$$00000000)
    .ARM.Collect$$libinit$$00000002          0x000002f2   Section        0  libinit2.o(.ARM.Collect$$libinit$$00000002)
    .ARM.Collect$$libinit$$00000004          0x000002f2   Section        0  libinit2.o(.ARM.Collect$$libinit$$00000004)
    .ARM.Collect$$libinit$$00000005          0x000002f2   Section        8  libinit2.o(.ARM.Collect$$libinit$$00000005)
    .ARM.Collect$$libinit$$0000000A          0x000002fa   Section        0  libinit2.o(.ARM.Collect$$libinit$$0000000A)
    .ARM.Collect$$libinit$$0000000C          0x000002fa   Section        0  libinit2.o(.ARM.Collect$$libinit$$0000000C)
    .ARM.Collect$$libinit$$0000000E          0x000002fa   Section        0  libinit2.o(.ARM.Collect$$libinit$$0000000E)
    .ARM.Collect$$libinit$$0000000F          0x000002fa   Section        6  libinit2.o(.ARM.Collect$$libinit$$0000000F)
    .ARM.Collect$$libinit$$00000011          0x00000300   Section        0  libinit2.o(.ARM.Collect$$libinit$$00000011)
    .ARM.Collect$$libinit$$00000013          0x00000300   Section        0  libinit2.o(.ARM.Collect$$libinit$$00000013)
    .ARM.Collect$$libinit$$00000015          0x00000300   Section        0  libinit2.o(.ARM.Collect$$libinit$$00000015)
    .ARM.Collect$$libinit$$00000016          0x00000300   Section       10  libinit2.o(.ARM.Collect$$libinit$$00000016)
    .ARM.Collect$$libinit$$00000017          0x0000030a   Section        0  libinit2.o(.ARM.Collect$$libinit$$00000017)
    .ARM.Collect$$libinit$$00000019          0x0000030a   Section        0  libinit2.o(.ARM.Collect$$libinit$$00000019)
    .ARM.Collect$$libinit$$0000001B          0x0000030a   Section        0  libinit2.o(.ARM.Collect$$libinit$$0000001B)
    .ARM.Collect$$libinit$$0000001D          0x0000030a   Section        0  libinit2.o(.ARM.Collect$$libinit$$0000001D)
    .ARM.Collect$$libinit$$0000001F          0x0000030a   Section        0  libinit2.o(.ARM.Collect$$libinit$$0000001F)
    .ARM.Collect$$libinit$$00000021          0x0000030a   Section        0  libinit2.o(.ARM.Collect$$libinit$$00000021)
    .ARM.Collect$$libinit$$00000023          0x0000030a   Section        0  libinit2.o(.ARM.Collect$$libinit$$00000023)
    .ARM.Collect$$libinit$$00000024          0x0000030a   Section        4  libinit2.o(.ARM.Collect$$libinit$$00000024)
    .ARM.Collect$$libinit$$00000025          0x0000030e   Section        0  libinit2.o(.ARM.Collect$$libinit$$00000025)
    .ARM.Collect$$libinit$$0000002C          0x0000030e   Section        0  libinit2.o(.ARM.Collect$$libinit$$0000002C)
    .ARM.Collect$$libinit$$0000002E          0x0000030e   Section        0  libinit2.o(.ARM.Collect$$libinit$$0000002E)
    .ARM.Collect$$libinit$$00000030          0x0000030e   Section        0  libinit2.o(.ARM.Collect$$libinit$$00000030)
    .ARM.Collect$$libinit$$00000032          0x0000030e   Section        0  libinit2.o(.ARM.Collect$$libinit$$00000032)
    .ARM.Collect$$libinit$$00000033          0x0000030e   Section       12  libinit2.o(.ARM.Collect$$libinit$$00000033)
    .ARM.Collect$$libshutdown$$00000000      0x00000324   Section        4  libshutdown.o(.ARM.Collect$$libshutdown$$00000000)
    .ARM.Collect$$libshutdown$$00000002      0x00000328   Section        0  libshutdown2.o(.ARM.Collect$$libshutdown$$00000002)
    .ARM.Collect$$libshutdown$$00000003      0x00000328   Section        4  libshutdown2.o(.ARM.Collect$$libshutdown$$00000003)
    .ARM.Collect$$libshutdown$$00000004      0x0000032c   Section        0  libshutdown2.o(.ARM.Collect$$libshutdown$$00000004)
    .ARM.Collect$$libshutdown$$00000007      0x0000032c   Section        0  libshutdown2.o(.ARM.Collect$$libshutdown$$00000007)
    .ARM.Collect$$libshutdown$$0000000A      0x0000032c   Section        0  libshutdown2.o(.ARM.Collect$$libshutdown$$0000000A)
    .ARM.Collect$$libshutdown$$0000000C      0x0000032c   Section        0  libshutdown2.o(.ARM.Collect$$libshutdown$$0000000C)
    .ARM.Collect$$libshutdown$$0000000F      0x0000032c   Section        0  libshutdown2.o(.ARM.Collect$$libshutdown$$0000000F)
    .ARM.Collect$$libshutdown$$00000010      0x0000032c   Section        6  libshutdown2.o(.ARM.Collect$$libshutdown$$00000010)
    .ARM.Collect$$rtentry$$00000000          0x00000334   Section        0  __rtentry.o(.ARM.Collect$$rtentry$$00000000)
    .ARM.Collect$$rtentry$$00000002          0x00000334   Section        0  __rtentry2.o(.ARM.Collect$$rtentry$$00000002)
    .ARM.Collect$$rtentry$$00000004          0x00000334   Section        8  __rtentry4.o(.ARM.Collect$$rtentry$$00000004)
    .ARM.Collect$$rtentry$$00000009          0x0000033c   Section        0  __rtentry2.o(.ARM.Collect$$rtentry$$00000009)
    .ARM.Collect$$rtentry$$0000000A          0x0000033c   Section        4  __rtentry2.o(.ARM.Collect$$rtentry$$0000000A)
    .ARM.Collect$$rtentry$$0000000C          0x00000340   Section        0  __rtentry2.o(.ARM.Collect$$rtentry$$0000000C)
    .ARM.Collect$$rtentry$$0000000D          0x00000340   Section       40  __rtentry2.o(.ARM.Collect$$rtentry$$0000000D)
    .ARM.Collect$$rtexit$$00000000           0x0000036c   Section        4  rtexit.o(.ARM.Collect$$rtexit$$00000000)
    .ARM.Collect$$rtexit$$00000002           0x00000370   Section        0  rtexit2.o(.ARM.Collect$$rtexit$$00000002)
    .ARM.Collect$$rtexit$$00000003           0x00000370   Section        4  rtexit2.o(.ARM.Collect$$rtexit$$00000003)
    .ARM.Collect$$rtexit$$00000004           0x00000374   Section        8  rtexit2.o(.ARM.Collect$$rtexit$$00000004)
    .emb_text                                0x0000037c   Section        0  maybetermalloc1.o(.emb_text)
    .text                                    0x0000037c   Section       32  lpc2300.o(.text)
    .text                                    0x000003a4   Section        0  noretval__2printf.o(.text)
    .text                                    0x000003c8   Section        0  noretval__2sprintf.o(.text)
    .text                                    0x000003f0   Section        0  __printf.o(.text)
    .text                                    0x00000466   Section        0  _printf_str.o(.text)
    .text                                    0x000004be   Section        0  heapauxi.o(.text)
    .text                                    0x000004c4   Section        0  _printf_fp_dec.o(.text)
    _fp_digits                               0x000004c7   Thumb Code   414  _printf_fp_dec.o(.text)
    .text                                    0x000008e4   Section        0  _printf_char_common.o(.text)
    _printf_input_char                       0x000008e5   Thumb Code    10  _printf_char_common.o(.text)
    .text                                    0x00000914   Section        0  _sputc.o(.text)
    .text                                    0x00000928   Section        0  _printf_char.o(.text)
    .text                                    0x0000095c   Section        0  _printf_char_file.o(.text)
    .text                                    0x0000098c   Section       12  rt_locale_intlibspace.o(.text)
    .text                                    0x0000099c   Section      160  lludiv10.o(.text)
    .text                                    0x00000a3c   Section        0  _printf_fp_infnan.o(.text)
    .text                                    0x00000acc   Section        0  bigflt0.o(.text)
    .text                                    0x00000ba8   Section        0  ferror.o(.text)
    .text                                    0x00000bb0   Section        0  initio.o(.text)
    .text                                    0x00000cf8   Section       44  rtudiv10.o(.text)
    .text                                    0x00000d24   Section        0  sys_io.o(.text)
    .text                                    0x00000d98   Section       12  libspace.o(.text)
    .text                                    0x00000da4   Section       96  sys_stackheap_outer.o(.text)
    .text                                    0x00000e04   Section        0  h1_free.o(.text)
    .text                                    0x00000e58   Section        0  flsbuf.o(.text)
    .text                                    0x0000104c   Section        0  setvbuf.o(.text)
    .text                                    0x0000109c   Section        0  fopen.o(.text)
    _freopen_locked                          0x0000109d   Thumb Code     0  fopen.o(.text)
    .text                                    0x0000118c   Section        0  fclose.o(.text)
    .text                                    0x000011dc   Section        0  exit.o(.text)
    .text                                    0x000011f0   Section        0  defsig_rtred_outer.o(.text)
    .text                                    0x00001204   Section       84  rt_memclr_w.o(.text)
    .text                                    0x00001258   Section      244  strcmp.o(.text)
    .text                                    0x00001350   Section      384  aeabi_sdiv.o(.text)
    __arm_div8                               0x0000137c   ARM Code       0  aeabi_sdiv.o(.text)
    __arm_div5                               0x000013a0   ARM Code       0  aeabi_sdiv.o(.text)
    __arm_div2                               0x000013c4   ARM Code       0  aeabi_sdiv.o(.text)
    __arm_div_large                          0x00001400   ARM Code       0  aeabi_sdiv.o(.text)
    .text                                    0x000014d0   Section        4  use_no_semi.o(.text)
    .text                                    0x000014d4   Section        0  indicate_semi.o(.text)
    .text                                    0x000014d8   Section       12  rt_heap_descriptor_intlibspace.o(.text)
    .text                                    0x000014e4   Section        0  hguard.o(.text)
    .text                                    0x000014e8   Section        0  init_alloc.o(.text)
    .text                                    0x0000157c   Section        0  h1_alloc.o(.text)
    .text                                    0x000015ec   Section        0  fseek.o(.text)
    .text                                    0x000016e4   Section        0  stdio.o(.text)
    .text                                    0x000017e0   Section        0  defsig_exit.o(.text)
    .text                                    0x000017f0   Section        0  defsig_rtred_inner.o(.text)
    .text                                    0x00001828   Section        0  strlen.o(.text)
    .text                                    0x00001874   Section        0  sys_exit.o(.text)
    .text                                    0x00001880   Section        0  h1_init.o(.text)
    .text                                    0x0000188e   Section        0  h1_extend.o(.text)
    .text                                    0x000018c6   Section        0  ftell.o(.text)
    .text                                    0x0000190c   Section        0  defsig_general.o(.text)
    .text                                    0x00001944   Section        0  defsig_rtmem_outer.o(.text)
    .text                                    0x00001954   Section        0  sys_wrch.o(.text)
    .text                                    0x00001968   Section       12  rt_errno_addr_intlibspace.o(.text)
    .text                                    0x00001974   Section        0  defsig_rtmem_inner.o(.text)
    CL$$btod_d2e                             0x000019cc   Section       56  btod.o(CL$$btod_d2e)
    CL$$btod_d2e_denorm_low                  0x00001a04   Section       84  btod.o(CL$$btod_d2e_denorm_low)
    CL$$btod_d2e_norm_op1                    0x00001a58   Section      104  btod.o(CL$$btod_d2e_norm_op1)
    CL$$btod_div_common                      0x00001ac0   Section      844  btod.o(CL$$btod_div_common)
    CL$$btod_e2e                             0x00001e0c   Section      244  btod.o(CL$$btod_e2e)
    CL$$btod_ediv                            0x00001f04   Section       56  btod.o(CL$$btod_ediv)
    CL$$btod_emul                            0x00001f40   Section       56  btod.o(CL$$btod_emul)
    CL$$btod_mult_common                     0x00001f78   Section      616  btod.o(CL$$btod_mult_common)
    i.__ARM_common_call_via_r1               0x000021ec   Section        0  __printf.o(i.__ARM_common_call_via_r1)
    i.__ARM_common_call_via_r2               0x000021ee   Section        0  __printf.o(i.__ARM_common_call_via_r2)
    i.__ARM_fpclassify                       0x000021f4   Section        0  fpclassify.o(i.__ARM_fpclassify)
    i.delay                                  0x00002224   Section        0  main.o(i.delay)
    i.delay                                  0x00002254   Section        0  lcd_4bit.o(i.delay)
    delay                                    0x00002254   ARM Code      24  lcd_4bit.o(i.delay)
    i.fputc                                  0x0000226c   Section        0  fputc.o(i.fputc)
    i.lcd_clear                              0x00002290   Section        0  lcd_4bit.o(i.lcd_clear)
    i.lcd_init                               0x000022b0   Section        0  lcd_4bit.o(i.lcd_init)
    i.lcd_print                              0x00002370   Section        0  lcd_4bit.o(i.lcd_print)
    i.lcd_putchar                            0x00002398   Section        0  lcd_4bit.o(i.lcd_putchar)
    i.lcd_read_status                        0x000023b0   Section        0  lcd_4bit.o(i.lcd_read_status)
    lcd_read_status                          0x000023b0   ARM Code     188  lcd_4bit.o(i.lcd_read_status)
    i.lcd_write_4bit                         0x00002470   Section        0  lcd_4bit.o(i.lcd_write_4bit)
    i.lcd_write_cmd                          0x000024c8   Section        0  lcd_4bit.o(i.lcd_write_cmd)
    i.lcd_write_data                         0x000024fc   Section        0  lcd_4bit.o(i.lcd_write_data)
    lcd_write_data                           0x000024fc   ARM Code      48  lcd_4bit.o(i.lcd_write_data)
    i.main                                   0x00002530   Section        0  main.o(i.main)
    i.set_cursor                             0x000026c4   Section        0  lcd_4bit.o(i.set_cursor)
    i.wait_while_busy                        0x000026f8   Section        0  lcd_4bit.o(i.wait_while_busy)
    wait_while_busy                          0x000026f8   ARM Code      32  lcd_4bit.o(i.wait_while_busy)
    locale$$code                             0x0000271c   Section       80  lc_numeric_c.o(locale$$code)
    x$fpl$d2f                                0x0000276c   Section      108  d2f.o(x$fpl$d2f)
    x$fpl$ddiv                               0x000027d8   Section      736  ddiv.o(x$fpl$ddiv)
    ddiv_entry                               0x000027e0   ARM Code       0  ddiv.o(x$fpl$ddiv)
    x$fpl$dflt                               0x00002ab8   Section       88  dflt_noclz.o(x$fpl$dflt)
    x$fpl$dfltu                              0x00002b10   Section       12  dflt_noclz.o(x$fpl$dfltu)
    x$fpl$dmul                               0x00002b1c   Section      384  dmul.o(x$fpl$dmul)
    x$fpl$dnaninf                            0x00002c9c   Section      192  dnaninf.o(x$fpl$dnaninf)
    x$fpl$dretinf                            0x00002d5c   Section       16  dretinf.o(x$fpl$dretinf)
    x$fpl$f2d                                0x00002d6c   Section      100  f2d.o(x$fpl$f2d)
    x$fpl$fnaninf                            0x00002dd0   Section      168  fnaninf.o(x$fpl$fnaninf)
    x$fpl$fretinf                            0x00002e78   Section       16  fretinf.o(x$fpl$fretinf)
    x$fpl$ieeestatus                         0x00002e8c   Section        8  istatus.o(x$fpl$ieeestatus)
    x$fpl$printf1                            0x00002e94   Section        4  printf1.o(x$fpl$printf1)
    .constdata                               0x00002e98   Section       64  lcd_4bit.o(.constdata)
    x$fpl$usenofp                            0x00002e98   Section        0  usenofp.o(x$fpl$usenofp)
    .constdata                               0x00002ed8   Section      148  bigflt0.o(.constdata)
    tenpwrs_x                                0x00002ed8   Data          60  bigflt0.o(.constdata)
    tenpwrs_i                                0x00002f14   Data          64  bigflt0.o(.constdata)
    .constdata                               0x00002f6c   Section        4  sys_io.o(.constdata)
    .constdata                               0x00002f70   Section        4  sys_io.o(.constdata)
    .constdata                               0x00002f74   Section        4  sys_io.o(.constdata)
    locale$$data                             0x00002f98   Section       28  lc_numeric_c.o(locale$$data)
    __lcnum_c_name                           0x00002f9c   Data           2  lc_numeric_c.o(locale$$data)
    __lcnum_c_start                          0x00002fa4   Data           0  lc_numeric_c.o(locale$$data)
    __lcnum_c_point                          0x00002fb0   Data           0  lc_numeric_c.o(locale$$data)
    __lcnum_c_thousands                      0x00002fb2   Data           0  lc_numeric_c.o(locale$$data)
    __lcnum_c_grouping                       0x00002fb3   Data           0  lc_numeric_c.o(locale$$data)
    __lcnum_c_end                            0x00002fb4   Data           0  lc_numeric_c.o(locale$$data)
    .data                                    0x40000000   Section        8  main.o(.data)
    .data                                    0x40000008   Section        4  stdio_streams.o(.data)
    .data                                    0x4000000c   Section        4  stdio_streams.o(.data)
    .data                                    0x40000010   Section        4  stdio_streams.o(.data)
    .bss                                     0x40000014   Section       84  stdio_streams.o(.bss)
    .bss                                     0x40000068   Section       84  stdio_streams.o(.bss)
    .bss                                     0x400000bc   Section       84  stdio_streams.o(.bss)
    .bss                                     0x40000110   Section       96  libspace.o(.bss)
    HEAP                                     0x40000170   Section        0  lpc2300.o(HEAP)
    STACK                                    0x40000170   Section     1288  lpc2300.o(STACK)
    Heap_Mem                                 0x40000170   Data           0  lpc2300.o(HEAP)
    Stack_Mem                                0x40000170   Data        1024  lpc2300.o(STACK)
    Stack_Top                                0x40000678   Data           0  lpc2300.o(STACK)

    Global Symbols

    Symbol Name                              Value     Ov Type        Size  Object(Section)

    BuildAttributes$$THM_ISAv1$ARM_ISAv4$S$PE$A:L22$X:L11$S22$IEEE1$IW$USESV6$~STKCKD$USESV7$~SHL$OTIME$ROPI$IEEEJ$EBA8$UX$STANDARDLIB$REQ8$PRES8$EABIv2 0x00000000   Number         0  anon$$obj.o ABSOLUTE
    __ARM_use_no_argv                        0x00000000   Number         0  main.o ABSOLUTE
    __ARM_exceptions_init                     - Undefined Weak Reference
    __alloca_initialize                       - Undefined Weak Reference
    __arm_preinit_                            - Undefined Weak Reference
    __cpp_initialize__aeabi_                  - Undefined Weak Reference
    __cxa_finalize                            - Undefined Weak Reference
    __sigvec_lookup                           - Undefined Weak Reference
    __user_heap_extent                        - Undefined Weak Reference
    _atexit_init                              - Undefined Weak Reference
    _call_atexit_fns                          - Undefined Weak Reference
    _clock_init                               - Undefined Weak Reference
    _fp_trap_init                             - Undefined Weak Reference
    _fp_trap_shutdown                         - Undefined Weak Reference
    _get_lc_collate                           - Undefined Weak Reference
    _get_lc_ctype                             - Undefined Weak Reference
    _get_lc_monetary                          - Undefined Weak Reference
    _get_lc_time                              - Undefined Weak Reference
    _getenv_init                              - Undefined Weak Reference
    _handle_redirection                       - Undefined Weak Reference
    _mutex_acquire                            - Undefined Weak Reference
    _mutex_free                               - Undefined Weak Reference
    _mutex_release                            - Undefined Weak Reference
    _printf_mbtowc                            - Undefined Weak Reference
    _printf_post_padding                      - Undefined Weak Reference
    _printf_pre_padding                       - Undefined Weak Reference
    _rand_init                                - Undefined Weak Reference
    _signal_finish                            - Undefined Weak Reference
    _signal_init                              - Undefined Weak Reference
    Reset_Handler                            0x00000058   ARM Code       0  lpc2300.o(RESET)
    __main                                   0x00000234   ARM Code       8  __main.o(!!!main)
    __scatterload                            0x0000023c   ARM Code       0  __scatter.o(!!!scatter)
    __scatterload_rt2                        0x0000023c   ARM Code      52  __scatter.o(!!!scatter)
    __scatterload_null                       0x00000250   ARM Code       0  __scatter.o(!!!scatter)
    __scatterload_copy                       0x00000278   ARM Code      40  __scatter_copy.o(!!handler_copy)
    __scatterload_zeroinit                   0x000002a0   ARM Code      44  __scatter_zi.o(!!handler_zi)
    Inline Thumb to ARM Veneer to _printf_percent 0x000002cd   Thumb Code     4  _printf_percent.o(.ARM.Collect$$_printf_percent$$00000000)
    _printf_f                                0x000002d0   ARM Code       0  _printf_f.o(.ARM.Collect$$_printf_percent$$00000003)
    _printf_percent                          0x000002d0   ARM Code       0  _printf_percent.o(.ARM.Collect$$_printf_percent$$00000000)
    _printf_s                                0x000002d8   ARM Code       0  _printf_s.o(.ARM.Collect$$_printf_percent$$00000014)
    _printf_percent_end                      0x000002e0   ARM Code       0  _printf_percent_end.o(.ARM.Collect$$_printf_percent$$00000017)
    Inline ARM to Thumb Veneer to __rt_lib_init 0x000002e8   ARM Code       8  libinit.o(.ARM.Collect$$libinit$$00000000)
    __rt_lib_init                            0x000002f1   Thumb Code     0  libinit.o(.ARM.Collect$$libinit$$00000000)
    __rt_lib_init_fp_1                       0x000002f3   Thumb Code     0  libinit2.o(.ARM.Collect$$libinit$$00000002)
    __rt_lib_init_heap_2                     0x000002f3   Thumb Code     0  libinit2.o(.ARM.Collect$$libinit$$00000005)
    __rt_lib_init_preinit_1                  0x000002f3   Thumb Code     0  libinit2.o(.ARM.Collect$$libinit$$00000004)
    __rt_lib_init_heap_1                     0x000002fb   Thumb Code     0  libinit2.o(.ARM.Collect$$libinit$$0000000A)
    __rt_lib_init_lc_common                  0x000002fb   Thumb Code     0  libinit2.o(.ARM.Collect$$libinit$$0000000F)
    __rt_lib_init_rand_1                     0x000002fb   Thumb Code     0  libinit2.o(.ARM.Collect$$libinit$$0000000E)
    __rt_lib_init_user_alloc_1               0x000002fb   Thumb Code     0  libinit2.o(.ARM.Collect$$libinit$$0000000C)
    __rt_lib_init_lc_collate_1               0x00000301   Thumb Code     0  libinit2.o(.ARM.Collect$$libinit$$00000011)
    __rt_lib_init_lc_ctype_1                 0x00000301   Thumb Code     0  libinit2.o(.ARM.Collect$$libinit$$00000013)
    __rt_lib_init_lc_monetary_1              0x00000301   Thumb Code     0  libinit2.o(.ARM.Collect$$libinit$$00000015)
    __rt_lib_init_lc_numeric_2               0x00000301   Thumb Code     0  libinit2.o(.ARM.Collect$$libinit$$00000016)
    __rt_lib_init_atexit_1                   0x0000030b   Thumb Code     0  libinit2.o(.ARM.Collect$$libinit$$0000001B)
    __rt_lib_init_clock_1                    0x0000030b   Thumb Code     0  libinit2.o(.ARM.Collect$$libinit$$00000021)
    __rt_lib_init_fp_trap_1                  0x0000030b   Thumb Code     0  libinit2.o(.ARM.Collect$$libinit$$0000001F)
    __rt_lib_init_getenv_1                   0x0000030b   Thumb Code     0  libinit2.o(.ARM.Collect$$libinit$$00000023)
    __rt_lib_init_lc_numeric_1               0x0000030b   Thumb Code     0  libinit2.o(.ARM.Collect$$libinit$$00000017)
    __rt_lib_init_lc_time_1                  0x0000030b   Thumb Code     0  libinit2.o(.ARM.Collect$$libinit$$00000019)
    __rt_lib_init_signal_1                   0x0000030b   Thumb Code     0  libinit2.o(.ARM.Collect$$libinit$$0000001D)
    __rt_lib_init_stdio_2                    0x0000030b   Thumb Code     0  libinit2.o(.ARM.Collect$$libinit$$00000024)
    __rt_lib_init_alloca_1                   0x0000030f   Thumb Code     0  libinit2.o(.ARM.Collect$$libinit$$0000002E)
    __rt_lib_init_argv_1                     0x0000030f   Thumb Code     0  libinit2.o(.ARM.Collect$$libinit$$0000002C)
    __rt_lib_init_cpp_1                      0x0000030f   Thumb Code     0  libinit2.o(.ARM.Collect$$libinit$$00000032)
    __rt_lib_init_exceptions_1               0x0000030f   Thumb Code     0  libinit2.o(.ARM.Collect$$libinit$$00000030)
    __rt_lib_init_return                     0x0000030f   Thumb Code     0  libinit2.o(.ARM.Collect$$libinit$$00000033)
    __rt_lib_init_stdio_1                    0x0000030f   Thumb Code     0  libinit2.o(.ARM.Collect$$libinit$$00000025)
    Inline ARM to Thumb Veneer to __rt_lib_shutdown 0x0000031c   ARM Code       8  libshutdown.o(.ARM.Collect$$libshutdown$$00000000)
    __rt_lib_shutdown                        0x00000325   Thumb Code     0  libshutdown.o(.ARM.Collect$$libshutdown$$00000000)
    __rt_lib_shutdown_cpp_1                  0x00000329   Thumb Code     0  libshutdown2.o(.ARM.Collect$$libshutdown$$00000002)
    __rt_lib_shutdown_stdio_2                0x00000329   Thumb Code     0  libshutdown2.o(.ARM.Collect$$libshutdown$$00000003)
    __rt_lib_shutdown_fp_trap_1              0x0000032d   Thumb Code     0  libshutdown2.o(.ARM.Collect$$libshutdown$$00000007)
    __rt_lib_shutdown_heap_1                 0x0000032d   Thumb Code     0  libshutdown2.o(.ARM.Collect$$libshutdown$$0000000F)
    __rt_lib_shutdown_return                 0x0000032d   Thumb Code     0  libshutdown2.o(.ARM.Collect$$libshutdown$$00000010)
    __rt_lib_shutdown_signal_1               0x0000032d   Thumb Code     0  libshutdown2.o(.ARM.Collect$$libshutdown$$0000000A)
    __rt_lib_shutdown_stdio_1                0x0000032d   Thumb Code     0  libshutdown2.o(.ARM.Collect$$libshutdown$$00000004)
    __rt_lib_shutdown_user_alloc_1           0x0000032d   Thumb Code     0  libshutdown2.o(.ARM.Collect$$libshutdown$$0000000C)
    __rt_entry                               0x00000334   ARM Code       0  __rtentry.o(.ARM.Collect$$rtentry$$00000000)
    __rt_entry_presh_1                       0x00000334   ARM Code       0  __rtentry2.o(.ARM.Collect$$rtentry$$00000002)
    __rt_entry_sh                            0x00000334   ARM Code       0  __rtentry4.o(.ARM.Collect$$rtentry$$00000004)
    __rt_entry_li                            0x0000033c   ARM Code       0  __rtentry2.o(.ARM.Collect$$rtentry$$0000000A)
    __rt_entry_postsh_1                      0x0000033c   ARM Code       0  __rtentry2.o(.ARM.Collect$$rtentry$$00000009)
    __rt_entry_main                          0x00000340   ARM Code       0  __rtentry2.o(.ARM.Collect$$rtentry$$0000000D)
    __rt_entry_postli_1                      0x00000340   ARM Code       0  __rtentry2.o(.ARM.Collect$$rtentry$$0000000C)
    Inline Thumb to ARM Veneer to __rt_exit  0x00000369   Thumb Code     4  rtexit.o(.ARM.Collect$$rtexit$$00000000)
    __rt_exit                                0x0000036c   ARM Code       0  rtexit.o(.ARM.Collect$$rtexit$$00000000)
    __rt_exit_ls                             0x00000370   ARM Code       0  rtexit2.o(.ARM.Collect$$rtexit$$00000003)
    __rt_exit_prels_1                        0x00000370   ARM Code       0  rtexit2.o(.ARM.Collect$$rtexit$$00000002)
    __rt_exit_exit                           0x00000374   ARM Code       0  rtexit2.o(.ARM.Collect$$rtexit$$00000004)
    __user_initial_stackheap                 0x0000037c   ARM Code       0  lpc2300.o(.text)
    _maybe_terminate_alloc                   0x0000037d   Thumb Code     0  maybetermalloc1.o(.emb_text)
    Inline ARM to Thumb Veneer to __2printf  0x0000039c   ARM Code       8  noretval__2printf.o(.text)
    __2printf                                0x000003a5   Thumb Code    22  noretval__2printf.o(.text)
    Inline ARM to Thumb Veneer to __2sprintf 0x000003c0   ARM Code       8  noretval__2sprintf.o(.text)
    __2sprintf                               0x000003c9   Thumb Code    36  noretval__2sprintf.o(.text)
    __printf                                 0x000003f1   Thumb Code   118  __printf.o(.text)
    _printf_str                              0x00000467   Thumb Code    88  _printf_str.o(.text)
    __use_two_region_memory                  0x000004bf   Thumb Code     2  heapauxi.o(.text)
    __rt_heap_escrow                         0x000004c1   Thumb Code     2  heapauxi.o(.text)
    __rt_heap_expand                         0x000004c3   Thumb Code     2  heapauxi.o(.text)
    __lib_sel_fp_printf                      0x000004c5   Thumb Code     2  _printf_fp_dec.o(.text)
    _printf_fp_dec_real                      0x00000665   Thumb Code   628  _printf_fp_dec.o(.text)
    _printf_char_common                      0x000008ef   Thumb Code    34  _printf_char_common.o(.text)
    _sputc                                   0x00000915   Thumb Code    10  _sputc.o(.text)
    Inline ARM to Thumb Veneer to _printf_string 0x00000920   ARM Code       8  _printf_char.o(.text)
    _printf_cs_common                        0x00000929   Thumb Code    26  _printf_char.o(.text)
    _printf_char                             0x00000943   Thumb Code    16  _printf_char.o(.text)
    _printf_string                           0x00000953   Thumb Code     8  _printf_char.o(.text)
    _printf_char_file                        0x0000095d   Thumb Code    38  _printf_char_file.o(.text)
    Inline Thumb to ARM Veneer to __rt_locale 0x00000989   Thumb Code     4  rt_locale_intlibspace.o(.text)
    __rt_locale                              0x0000098c   ARM Code      12  rt_locale_intlibspace.o(.text)
    Inline Thumb to ARM Veneer to _ll_udiv10 0x00000999   Thumb Code     4  lludiv10.o(.text)
    _ll_udiv10                               0x0000099c   ARM Code     160  lludiv10.o(.text)
    _printf_fp_infnan                        0x00000a3d   Thumb Code   128  _printf_fp_infnan.o(.text)
    _btod_etento                             0x00000acd   Thumb Code   214  bigflt0.o(.text)
    ferror                                   0x00000ba9   Thumb Code     8  ferror.o(.text)
    _initio                                  0x00000bb1   Thumb Code   220  initio.o(.text)
    _terminateio                             0x00000c8d   Thumb Code    60  initio.o(.text)
    Inline Thumb to ARM Veneer to __rt_udiv10 0x00000cf5   Thumb Code     4  rtudiv10.o(.text)
    __rt_udiv10                              0x00000cf8   ARM Code      44  rtudiv10.o(.text)
    _sys_open                                0x00000d25   Thumb Code    24  sys_io.o(.text)
    _sys_close                               0x00000d3d   Thumb Code    14  sys_io.o(.text)
    _sys_write                               0x00000d4b   Thumb Code    20  sys_io.o(.text)
    _sys_read                                0x00000d5f   Thumb Code    14  sys_io.o(.text)
    _sys_istty                               0x00000d6d   Thumb Code    12  sys_io.o(.text)
    _sys_seek                                0x00000d79   Thumb Code    18  sys_io.o(.text)
    _sys_ensure                              0x00000d8b   Thumb Code     2  sys_io.o(.text)
    _sys_flen                                0x00000d8d   Thumb Code    12  sys_io.o(.text)
    __user_libspace                          0x00000d98   ARM Code      12  libspace.o(.text)
    __user_perproc_libspace                  0x00000d98   ARM Code       0  libspace.o(.text)
    __user_perthread_libspace                0x00000d98   ARM Code       0  libspace.o(.text)
    __user_setup_stackheap                   0x00000da4   ARM Code      96  sys_stackheap_outer.o(.text)
    free                                     0x00000e05   Thumb Code    84  h1_free.o(.text)
    __flsbuf                                 0x00000e59   Thumb Code   492  flsbuf.o(.text)
    __flsbuf_byte                            0x00000e59   Thumb Code     0  flsbuf.o(.text)
    __flsbuf_wide                            0x00000e59   Thumb Code     0  flsbuf.o(.text)
    setvbuf                                  0x0000104d   Thumb Code    74  setvbuf.o(.text)
    freopen                                  0x0000109d   Thumb Code   152  fopen.o(.text)
    fopen                                    0x00001135   Thumb Code    80  fopen.o(.text)
    _fclose_internal                         0x0000118d   Thumb Code    76  fclose.o(.text)
    fclose                                   0x0000118d   Thumb Code     0  fclose.o(.text)
    exit                                     0x000011dd   Thumb Code    20  exit.o(.text)
    __rt_SIGRTRED                            0x000011f1   Thumb Code    16  defsig_rtred_outer.o(.text)
    Inline Thumb to ARM Veneer to __aeabi_memclr4 0x00001201   Thumb Code     4  rt_memclr_w.o(.text)
    __aeabi_memclr4                          0x00001204   ARM Code       0  rt_memclr_w.o(.text)
    __aeabi_memclr8                          0x00001204   ARM Code       0  rt_memclr_w.o(.text)
    __rt_memclr_w                            0x00001204   ARM Code      84  rt_memclr_w.o(.text)
    _memset_w                                0x00001208   ARM Code       0  rt_memclr_w.o(.text)
    strcmp                                   0x00001258   ARM Code     240  strcmp.o(.text)
    Inline Thumb to ARM Veneer to __aeabi_idivmod 0x0000134d   Thumb Code     4  aeabi_sdiv.o(.text)
    __aeabi_idiv                             0x00001350   ARM Code       0  aeabi_sdiv.o(.text)
    __aeabi_idivmod                          0x00001350   ARM Code     384  aeabi_sdiv.o(.text)
    __I$use$semihosting                      0x000014d0   ARM Code       0  use_no_semi.o(.text)
    __use_no_semihosting_swi                 0x000014d0   ARM Code       4  use_no_semi.o(.text)
    Inline Thumb to ARM Veneer to __rt_heap_descriptor 0x000014d5   Thumb Code     4  rt_heap_descriptor_intlibspace.o(.text)
    __semihosting_library_function           0x000014d4   ARM Code       0  indicate_semi.o(.text)
    __rt_heap_descriptor                     0x000014d8   ARM Code      12  rt_heap_descriptor_intlibspace.o(.text)
    __use_no_heap                            0x000014e5   Thumb Code     2  hguard.o(.text)
    __heap$guard                             0x000014e7   Thumb Code     2  hguard.o(.text)
    _terminate_user_alloc                    0x000014e9   Thumb Code     2  init_alloc.o(.text)
    _init_user_alloc                         0x000014eb   Thumb Code     2  init_alloc.o(.text)
    __Heap_Full                              0x000014ed   Thumb Code    36  init_alloc.o(.text)
    __Heap_Broken                            0x00001511   Thumb Code    14  init_alloc.o(.text)
    _init_alloc                              0x0000151f   Thumb Code    94  init_alloc.o(.text)
    malloc                                   0x0000157d   Thumb Code   110  h1_alloc.o(.text)
    _fseek                                   0x000015ed   Thumb Code   244  fseek.o(.text)
    fseek                                    0x000015ed   Thumb Code     0  fseek.o(.text)
    _seterr                                  0x000016e5   Thumb Code    20  stdio.o(.text)
    _writebuf                                0x000016f9   Thumb Code    80  stdio.o(.text)
    _fflush                                  0x00001749   Thumb Code    80  stdio.o(.text)
    _deferredlazyseek                        0x00001799   Thumb Code    64  stdio.o(.text)
    __sig_exit                               0x000017e1   Thumb Code    16  defsig_exit.o(.text)
    __rt_SIGRTRED_inner                      0x000017f1   Thumb Code    18  defsig_rtred_inner.o(.text)
    strlen                                   0x00001829   Thumb Code    64  strlen.o(.text)
    Inline ARM to Thumb Veneer to _sys_exit  0x0000186c   ARM Code       8  sys_exit.o(.text)
    _sys_exit                                0x00001875   Thumb Code     8  sys_exit.o(.text)
    __Heap_Initialize                        0x00001881   Thumb Code    10  h1_init.o(.text)
    __Heap_DescSize                          0x0000188b   Thumb Code     4  h1_init.o(.text)
    __Heap_ProvideMemory                     0x0000188f   Thumb Code    56  h1_extend.o(.text)
    _ftell_internal                          0x000018c7   Thumb Code    70  ftell.o(.text)
    ftell                                    0x000018c7   Thumb Code     0  ftell.o(.text)
    __default_signal_display                 0x0000190d   Thumb Code    56  defsig_general.o(.text)
    __rt_SIGRTMEM                            0x00001945   Thumb Code    16  defsig_rtmem_outer.o(.text)
    _ttywrch                                 0x00001955   Thumb Code    16  sys_wrch.o(.text)
    Inline Thumb to ARM Veneer to __aeabi_errno_addr 0x00001965   Thumb Code     4  rt_errno_addr_intlibspace.o(.text)
    __aeabi_errno_addr                       0x00001968   ARM Code      12  rt_errno_addr_intlibspace.o(.text)
    __errno$intlibspace                      0x00001968   ARM Code       0  rt_errno_addr_intlibspace.o(.text)
    __rt_errno_addr$intlibspace              0x00001968   ARM Code       0  rt_errno_addr_intlibspace.o(.text)
    __rt_SIGRTMEM_inner                      0x00001975   Thumb Code    26  defsig_rtmem_inner.o(.text)
    Inline Thumb to ARM Veneer to _btod_d2e  0x000019c9   Thumb Code     4  btod.o(CL$$btod_d2e)
    _btod_d2e                                0x000019cc   ARM Code      56  btod.o(CL$$btod_d2e)
    _d2e_denorm_low                          0x00001a04   ARM Code      84  btod.o(CL$$btod_d2e_denorm_low)
    _d2e_norm_op1                            0x00001a58   ARM Code     104  btod.o(CL$$btod_d2e_norm_op1)
    __btod_div_common                        0x00001ac0   ARM Code     716  btod.o(CL$$btod_div_common)
    _e2e                                     0x00001e0c   ARM Code     244  btod.o(CL$$btod_e2e)
    Inline Thumb to ARM Veneer to _btod_ediv 0x00001f01   Thumb Code     4  btod.o(CL$$btod_ediv)
    _btod_ediv                               0x00001f04   ARM Code      56  btod.o(CL$$btod_ediv)
    Inline Thumb to ARM Veneer to _btod_emul 0x00001f3d   Thumb Code     4  btod.o(CL$$btod_emul)
    _btod_emul                               0x00001f40   ARM Code      56  btod.o(CL$$btod_emul)
    __btod_mult_common                       0x00001f78   ARM Code     616  btod.o(CL$$btod_mult_common)
    Long ARM to Thumb Veneer to _printf_fp_dec_real 0x000021e0   ARM Code      12  anon$$obj.o(Veneer$$Code)
    __ARM_common_call_via_r1                 0x000021ed   Thumb Code     2  __printf.o(i.__ARM_common_call_via_r1)
    __ARM_common_call_via_r2                 0x000021ef   Thumb Code     2  __printf.o(i.__ARM_common_call_via_r2)
    Inline Thumb to ARM Veneer to __ARM_fpclassify 0x000021f1   Thumb Code     4  fpclassify.o(i.__ARM_fpclassify)
    __ARM_fpclassify                         0x000021f4   ARM Code      48  fpclassify.o(i.__ARM_fpclassify)
    delay                                    0x00002224   ARM Code      44  main.o(i.delay)
    fputc                                    0x0000226d   Thumb Code    36  fputc.o(i.fputc)
    lcd_clear                                0x00002290   ARM Code      32  lcd_4bit.o(i.lcd_clear)
    lcd_init                                 0x000022b0   ARM Code     176  lcd_4bit.o(i.lcd_init)
    lcd_print                                0x00002370   ARM Code      40  lcd_4bit.o(i.lcd_print)
    lcd_putchar                              0x00002398   ARM Code      24  lcd_4bit.o(i.lcd_putchar)
    lcd_write_4bit                           0x00002470   ARM Code      84  lcd_4bit.o(i.lcd_write_4bit)
    lcd_write_cmd                            0x000024c8   ARM Code      48  lcd_4bit.o(i.lcd_write_cmd)
    main                                     0x00002530   ARM Code     344  main.o(i.main)
    set_cursor                               0x000026c4   ARM Code      52  lcd_4bit.o(i.set_cursor)
    Inline Thumb to ARM Veneer to _get_lc_numeric 0x00002719   Thumb Code     4  lc_numeric_c.o(locale$$code)
    _get_lc_numeric                          0x0000271c   ARM Code      80  lc_numeric_c.o(locale$$code)
    __aeabi_d2f                              0x0000276c   ARM Code       0  d2f.o(x$fpl$d2f)
    _d2f                                     0x0000276c   ARM Code     108  d2f.o(x$fpl$d2f)
    __aeabi_ddiv                             0x000027d8   ARM Code       0  ddiv.o(x$fpl$ddiv)
    _ddiv                                    0x000027d8   ARM Code     600  ddiv.o(x$fpl$ddiv)
    __aeabi_i2d                              0x00002ab8   ARM Code       0  dflt_noclz.o(x$fpl$dflt)
    _dflt                                    0x00002ab8   ARM Code      88  dflt_noclz.o(x$fpl$dflt)
    __dflt_normalise                         0x00002ac8   ARM Code       0  dflt_noclz.o(x$fpl$dflt)
    __aeabi_ui2d                             0x00002b10   ARM Code       0  dflt_noclz.o(x$fpl$dfltu)
    _dfltu                                   0x00002b10   ARM Code      12  dflt_noclz.o(x$fpl$dfltu)
    __aeabi_dmul                             0x00002b1c   ARM Code       0  dmul.o(x$fpl$dmul)
    _dmul                                    0x00002b1c   ARM Code     372  dmul.o(x$fpl$dmul)
    __fpl_dnaninf                            0x00002c9c   ARM Code     192  dnaninf.o(x$fpl$dnaninf)
    __fpl_dretinf                            0x00002d5c   ARM Code      16  dretinf.o(x$fpl$dretinf)
    __aeabi_f2d                              0x00002d6c   ARM Code       0  f2d.o(x$fpl$f2d)
    _f2d                                     0x00002d6c   ARM Code     100  f2d.o(x$fpl$f2d)
    __fpl_fnaninf                            0x00002dd0   ARM Code     168  fnaninf.o(x$fpl$fnaninf)
    __fpl_fretinf                            0x00002e78   ARM Code      16  fretinf.o(x$fpl$fretinf)
    Inline Thumb to ARM Veneer to __ieee_status 0x00002e89   Thumb Code     4  istatus.o(x$fpl$ieeestatus)
    __ieee_status                            0x00002e8c   ARM Code       8  istatus.o(x$fpl$ieeestatus)
    _printf_fp_dec                           0x00002e94   ARM Code       4  printf1.o(x$fpl$printf1)
    UserFont                                 0x00002e98   Data          64  lcd_4bit.o(.constdata)
    __I$use$fp                               0x00002e98   Number         0  usenofp.o(x$fpl$usenofp)
    __stdin_name                             0x00002f6c   Data           4  sys_io.o(.constdata)
    __stdout_name                            0x00002f70   Data           4  sys_io.o(.constdata)
    __stderr_name                            0x00002f74   Data           4  sys_io.o(.constdata)
    Region$$Table$$Base                      0x00002f78   Number         0  anon$$obj.o(Region$$Table)
    Region$$Table$$Limit                     0x00002f98   Number         0  anon$$obj.o(Region$$Table)
    adcdata                                  0x40000000   Data           4  main.o(.data)
    voltage                                  0x40000004   Data           4  main.o(.data)
    __aeabi_stdin                            0x40000008   Data           4  stdio_streams.o(.data)
    __aeabi_stdout                           0x4000000c   Data           4  stdio_streams.o(.data)
    __aeabi_stderr                           0x40000010   Data           4  stdio_streams.o(.data)
    __stdin                                  0x40000014   Data          84  stdio_streams.o(.bss)
    __stdout                                 0x40000068   Data          84  stdio_streams.o(.bss)
    __stderr                                 0x400000bc   Data          84  stdio_streams.o(.bss)
    __libspace_start                         0x40000110   Data          96  libspace.o(.bss)
    __temporary_stack_top$libspace           0x40000170   Data           0  libspace.o(.bss)



==============================================================================

Memory Map of the image

  Image Entry point : 0x00000234

  Load Region LR_IROM1 (Base: 0x00000000, Size: 0x00002fc8, Max: 0x00080000, ABSOLUTE)

    Execution Region ER_IROM1 (Exec base: 0x00000000, Load base: 0x00000000, Size: 0x00002fb4, Max: 0x00080000, ABSOLUTE)

    Exec Addr    Load Addr    Size         Type   Attr      Idx    E Section Name        Object

    0x00000000   0x00000000   0x00000234   Code   RO            3    RESET               lpc2300.o
    0x00000234   0x00000234   0x00000008   Code   RO          157  * !!!main             c_t.l(__main.o)
    0x0000023c   0x0000023c   0x0000003c   Code   RO          616    !!!scatter          c_t.l(__scatter.o)
    0x00000278   0x00000278   0x00000028   Code   RO          618    !!handler_copy      c_t.l(__scatter_copy.o)
    0x000002a0   0x000002a0   0x0000002c   Code   RO          620    !!handler_zi        c_t.l(__scatter_zi.o)
    0x000002cc   0x000002cc   0x00000004   Ven    RO          154    .ARM.Collect$$_printf_percent$$00000000  c_t.l(_printf_percent.o)
    0x000002d0   0x000002d0   0x00000000   Code   RO          154    .ARM.Collect$$_printf_percent$$00000000  c_t.l(_printf_percent.o)
    0x000002d0   0x000002d0   0x00000008   Code   RO          153    .ARM.Collect$$_printf_percent$$00000003  c_t.l(_printf_f.o)
    0x000002d8   0x000002d8   0x00000008   Code   RO          152    .ARM.Collect$$_printf_percent$$00000014  c_t.l(_printf_s.o)
    0x000002e0   0x000002e0   0x00000008   Code   RO          186    .ARM.Collect$$_printf_percent$$00000017  c_t.l(_printf_percent_end.o)
    0x000002e8   0x000002e8   0x00000008   Ven    RO          397    .ARM.Collect$$libinit$$00000000  c_t.l(libinit.o)
    0x000002f0   0x000002f0   0x00000002   Code   RO          397    .ARM.Collect$$libinit$$00000000  c_t.l(libinit.o)
    0x000002f2   0x000002f2   0x00000000   Code   RO          399    .ARM.Collect$$libinit$$00000002  c_t.l(libinit2.o)
    0x000002f2   0x000002f2   0x00000000   Code   RO          401    .ARM.Collect$$libinit$$00000004  c_t.l(libinit2.o)
    0x000002f2   0x000002f2   0x00000008   Code   RO          402    .ARM.Collect$$libinit$$00000005  c_t.l(libinit2.o)
    0x000002fa   0x000002fa   0x00000000   Code   RO          404    .ARM.Collect$$libinit$$0000000A  c_t.l(libinit2.o)
    0x000002fa   0x000002fa   0x00000000   Code   RO          406    .ARM.Collect$$libinit$$0000000C  c_t.l(libinit2.o)
    0x000002fa   0x000002fa   0x00000000   Code   RO          408    .ARM.Collect$$libinit$$0000000E  c_t.l(libinit2.o)
    0x000002fa   0x000002fa   0x00000006   Code   RO          409    .ARM.Collect$$libinit$$0000000F  c_t.l(libinit2.o)
    0x00000300   0x00000300   0x00000000   Code   RO          411    .ARM.Collect$$libinit$$00000011  c_t.l(libinit2.o)
    0x00000300   0x00000300   0x00000000   Code   RO          413    .ARM.Collect$$libinit$$00000013  c_t.l(libinit2.o)
    0x00000300   0x00000300   0x00000000   Code   RO          415    .ARM.Collect$$libinit$$00000015  c_t.l(libinit2.o)
    0x00000300   0x00000300   0x0000000a   Code   RO          416    .ARM.Collect$$libinit$$00000016  c_t.l(libinit2.o)
    0x0000030a   0x0000030a   0x00000000   Code   RO          417    .ARM.Collect$$libinit$$00000017  c_t.l(libinit2.o)
    0x0000030a   0x0000030a   0x00000000   Code   RO          419    .ARM.Collect$$libinit$$00000019  c_t.l(libinit2.o)
    0x0000030a   0x0000030a   0x00000000   Code   RO          421    .ARM.Collect$$libinit$$0000001B  c_t.l(libinit2.o)
    0x0000030a   0x0000030a   0x00000000   Code   RO          423    .ARM.Collect$$libinit$$0000001D  c_t.l(libinit2.o)
    0x0000030a   0x0000030a   0x00000000   Code   RO          425    .ARM.Collect$$libinit$$0000001F  c_t.l(libinit2.o)
    0x0000030a   0x0000030a   0x00000000   Code   RO          427    .ARM.Collect$$libinit$$00000021  c_t.l(libinit2.o)
    0x0000030a   0x0000030a   0x00000000   Code   RO          429    .ARM.Collect$$libinit$$00000023  c_t.l(libinit2.o)
    0x0000030a   0x0000030a   0x00000004   Code   RO          430    .ARM.Collect$$libinit$$00000024  c_t.l(libinit2.o)
    0x0000030e   0x0000030e   0x00000000   Code   RO          431    .ARM.Collect$$libinit$$00000025  c_t.l(libinit2.o)
    0x0000030e   0x0000030e   0x00000000   Code   RO          435    .ARM.Collect$$libinit$$0000002C  c_t.l(libinit2.o)
    0x0000030e   0x0000030e   0x00000000   Code   RO          437    .ARM.Collect$$libinit$$0000002E  c_t.l(libinit2.o)
    0x0000030e   0x0000030e   0x00000000   Code   RO          439    .ARM.Collect$$libinit$$00000030  c_t.l(libinit2.o)
    0x0000030e   0x0000030e   0x00000000   Code   RO          441    .ARM.Collect$$libinit$$00000032  c_t.l(libinit2.o)
    0x0000030e   0x0000030e   0x0000000c   Code   RO          442    .ARM.Collect$$libinit$$00000033  c_t.l(libinit2.o)
    0x0000031a   0x0000031a   0x00000002   PAD
    0x0000031c   0x0000031c   0x00000008   Ven    RO          596    .ARM.Collect$$libshutdown$$00000000  c_t.l(libshutdown.o)
    0x00000324   0x00000324   0x00000004   Code   RO          596    .ARM.Collect$$libshutdown$$00000000  c_t.l(libshutdown.o)
    0x00000328   0x00000328   0x00000000   Code   RO          444    .ARM.Collect$$libshutdown$$00000002  c_t.l(libshutdown2.o)
    0x00000328   0x00000328   0x00000004   Code   RO          445    .ARM.Collect$$libshutdown$$00000003  c_t.l(libshutdown2.o)
    0x0000032c   0x0000032c   0x00000000   Code   RO          446    .ARM.Collect$$libshutdown$$00000004  c_t.l(libshutdown2.o)
    0x0000032c   0x0000032c   0x00000000   Code   RO          449    .ARM.Collect$$libshutdown$$00000007  c_t.l(libshutdown2.o)
    0x0000032c   0x0000032c   0x00000000   Code   RO          452    .ARM.Collect$$libshutdown$$0000000A  c_t.l(libshutdown2.o)
    0x0000032c   0x0000032c   0x00000000   Code   RO          454    .ARM.Collect$$libshutdown$$0000000C  c_t.l(libshutdown2.o)
    0x0000032c   0x0000032c   0x00000000   Code   RO          457    .ARM.Collect$$libshutdown$$0000000F  c_t.l(libshutdown2.o)
    0x0000032c   0x0000032c   0x00000006   Code   RO          458    .ARM.Collect$$libshutdown$$00000010  c_t.l(libshutdown2.o)
    0x00000332   0x00000332   0x00000002   PAD
    0x00000334   0x00000334   0x00000000   Code   RO          175    .ARM.Collect$$rtentry$$00000000  c_t.l(__rtentry.o)
    0x00000334   0x00000334   0x00000000   Code   RO          203    .ARM.Collect$$rtentry$$00000002  c_t.l(__rtentry2.o)
    0x00000334   0x00000334   0x00000008   Code   RO          215    .ARM.Collect$$rtentry$$00000004  c_t.l(__rtentry4.o)
    0x0000033c   0x0000033c   0x00000000   Code   RO          205    .ARM.Collect$$rtentry$$00000009  c_t.l(__rtentry2.o)
    0x0000033c   0x0000033c   0x00000004   Code   RO          206    .ARM.Collect$$rtentry$$0000000A  c_t.l(__rtentry2.o)
    0x00000340   0x00000340   0x00000000   Code   RO          208    .ARM.Collect$$rtentry$$0000000C  c_t.l(__rtentry2.o)
    0x00000340   0x00000340   0x00000028   Code   RO          209    .ARM.Collect$$rtentry$$0000000D  c_t.l(__rtentry2.o)
    0x00000368   0x00000368   0x00000004   Ven    RO          464    .ARM.Collect$$rtexit$$00000000  c_t.l(rtexit.o)
    0x0000036c   0x0000036c   0x00000004   Code   RO          464    .ARM.Collect$$rtexit$$00000000  c_t.l(rtexit.o)
    0x00000370   0x00000370   0x00000000   Code   RO          526    .ARM.Collect$$rtexit$$00000002  c_t.l(rtexit2.o)
    0x00000370   0x00000370   0x00000004   Code   RO          527    .ARM.Collect$$rtexit$$00000003  c_t.l(rtexit2.o)
    0x00000374   0x00000374   0x00000008   Code   RO          528    .ARM.Collect$$rtexit$$00000004  c_t.l(rtexit2.o)
    0x0000037c   0x0000037c   0x00000000   Code   RO          534    .emb_text           c_t.l(maybetermalloc1.o)
    0x0000037c   0x0000037c   0x00000020   Code   RO            4    .text               lpc2300.o
    0x0000039c   0x0000039c   0x00000008   Ven    RO          120    .text               c_t.l(noretval__2printf.o)
    0x000003a4   0x000003a4   0x0000001c   Code   RO          120    .text               c_t.l(noretval__2printf.o)
    0x000003c0   0x000003c0   0x00000008   Ven    RO          122    .text               c_t.l(noretval__2sprintf.o)
    0x000003c8   0x000003c8   0x00000028   Code   RO          122    .text               c_t.l(noretval__2sprintf.o)
    0x000003f0   0x000003f0   0x00000076   Code   RO          124    .text               c_t.l(__printf.o)
    0x00000466   0x00000466   0x00000058   Code   RO          130    .text               c_t.l(_printf_str.o)
    0x000004be   0x000004be   0x00000006   Code   RO          155    .text               c_t.l(heapauxi.o)
    0x000004c4   0x000004c4   0x00000420   Code   RO          176    .text               c_t.l(_printf_fp_dec.o)
    0x000008e4   0x000008e4   0x00000030   Code   RO          178    .text               c_t.l(_printf_char_common.o)
    0x00000914   0x00000914   0x0000000a   Code   RO          180    .text               c_t.l(_sputc.o)
    0x0000091e   0x0000091e   0x00000002   PAD
    0x00000920   0x00000920   0x00000008   Ven    RO          182    .text               c_t.l(_printf_char.o)
    0x00000928   0x00000928   0x00000032   Code   RO          182    .text               c_t.l(_printf_char.o)
    0x0000095a   0x0000095a   0x00000002   PAD
    0x0000095c   0x0000095c   0x0000002c   Code   RO          184    .text               c_t.l(_printf_char_file.o)
    0x00000988   0x00000988   0x00000004   Ven    RO          220    .text               c_t.l(rt_locale_intlibspace.o)
    0x0000098c   0x0000098c   0x0000000c   Code   RO          220    .text               c_t.l(rt_locale_intlibspace.o)
    0x00000998   0x00000998   0x00000004   Ven    RO          222    .text               c_t.l(lludiv10.o)
    0x0000099c   0x0000099c   0x000000a0   Code   RO          222    .text               c_t.l(lludiv10.o)
    0x00000a3c   0x00000a3c   0x00000090   Code   RO          224    .text               c_t.l(_printf_fp_infnan.o)
    0x00000acc   0x00000acc   0x000000dc   Code   RO          232    .text               c_t.l(bigflt0.o)
    0x00000ba8   0x00000ba8   0x00000008   Code   RO          257    .text               c_t.l(ferror.o)
    0x00000bb0   0x00000bb0   0x00000144   Code   RO          263    .text               c_t.l(initio.o)
    0x00000cf4   0x00000cf4   0x00000004   Ven    RO          274    .text               c_t.l(rtudiv10.o)
    0x00000cf8   0x00000cf8   0x0000002c   Code   RO          274    .text               c_t.l(rtudiv10.o)
    0x00000d24   0x00000d24   0x00000074   Code   RO          280    .text               c_t.l(sys_io.o)
    0x00000d98   0x00000d98   0x0000000c   Code   RO          285    .text               c_t.l(libspace.o)
    0x00000da4   0x00000da4   0x00000060   Code   RO          290    .text               c_t.l(sys_stackheap_outer.o)
    0x00000e04   0x00000e04   0x00000054   Code   RO          294    .text               c_t.l(h1_free.o)
    0x00000e58   0x00000e58   0x000001f4   Code   RO          353    .text               c_t.l(flsbuf.o)
    0x0000104c   0x0000104c   0x00000050   Code   RO          355    .text               c_t.l(setvbuf.o)
    0x0000109c   0x0000109c   0x000000f0   Code   RO          358    .text               c_t.l(fopen.o)
    0x0000118c   0x0000118c   0x00000050   Code   RO          360    .text               c_t.l(fclose.o)
    0x000011dc   0x000011dc   0x00000014   Code   RO          366    .text               c_t.l(exit.o)
    0x000011f0   0x000011f0   0x00000010   Code   RO          368    .text               c_t.l(defsig_rtred_outer.o)
    0x00001200   0x00001200   0x00000004   Ven    RO          372    .text               c_t.l(rt_memclr_w.o)
    0x00001204   0x00001204   0x00000054   Code   RO          372    .text               c_t.l(rt_memclr_w.o)
    0x00001258   0x00001258   0x000000f4   Code   RO          374    .text               c_t.l(strcmp.o)
    0x0000134c   0x0000134c   0x00000004   Ven    RO          376    .text               c_t.l(aeabi_sdiv.o)
    0x00001350   0x00001350   0x00000180   Code   RO          376    .text               c_t.l(aeabi_sdiv.o)
    0x000014d0   0x000014d0   0x00000004   Code   RO          461    .text               c_t.l(use_no_semi.o)
    0x000014d4   0x000014d4   0x00000000   Code   RO          463    .text               c_t.l(indicate_semi.o)
    0x000014d4   0x000014d4   0x00000004   Ven    RO          475    .text               c_t.l(rt_heap_descriptor_intlibspace.o)
    0x000014d8   0x000014d8   0x0000000c   Code   RO          475    .text               c_t.l(rt_heap_descriptor_intlibspace.o)
    0x000014e4   0x000014e4   0x00000004   Code   RO          477    .text               c_t.l(hguard.o)
    0x000014e8   0x000014e8   0x00000094   Code   RO          479    .text               c_t.l(init_alloc.o)
    0x0000157c   0x0000157c   0x0000006e   Code   RO          485    .text               c_t.l(h1_alloc.o)
    0x000015ea   0x000015ea   0x00000002   PAD
    0x000015ec   0x000015ec   0x000000f8   Code   RO          501    .text               c_t.l(fseek.o)
    0x000016e4   0x000016e4   0x000000fc   Code   RO          503    .text               c_t.l(stdio.o)
    0x000017e0   0x000017e0   0x00000010   Code   RO          509    .text               c_t.l(defsig_exit.o)
    0x000017f0   0x000017f0   0x00000038   Code   RO          511    .text               c_t.l(defsig_rtred_inner.o)
    0x00001828   0x00001828   0x00000044   Code   RO          515    .text               c_t.l(strlen.o)
    0x0000186c   0x0000186c   0x00000008   Ven    RO          523    .text               c_t.l(sys_exit.o)
    0x00001874   0x00001874   0x0000000c   Code   RO          523    .text               c_t.l(sys_exit.o)
    0x00001880   0x00001880   0x0000000e   Code   RO          536    .text               c_t.l(h1_init.o)
    0x0000188e   0x0000188e   0x00000038   Code   RO          538    .text               c_t.l(h1_extend.o)
    0x000018c6   0x000018c6   0x00000046   Code   RO          548    .text               c_t.l(ftell.o)
    0x0000190c   0x0000190c   0x00000038   Code   RO          556    .text               c_t.l(defsig_general.o)
    0x00001944   0x00001944   0x00000010   Code   RO          558    .text               c_t.l(defsig_rtmem_outer.o)
    0x00001954   0x00001954   0x00000010   Code   RO          573    .text               c_t.l(sys_wrch.o)
    0x00001964   0x00001964   0x00000004   Ven    RO          580    .text               c_t.l(rt_errno_addr_intlibspace.o)
    0x00001968   0x00001968   0x0000000c   Code   RO          580    .text               c_t.l(rt_errno_addr_intlibspace.o)
    0x00001974   0x00001974   0x00000054   Code   RO          590    .text               c_t.l(defsig_rtmem_inner.o)
    0x000019c8   0x000019c8   0x00000004   Ven    RO          235    CL$$btod_d2e        c_t.l(btod.o)
    0x000019cc   0x000019cc   0x00000038   Code   RO          235    CL$$btod_d2e        c_t.l(btod.o)
    0x00001a04   0x00001a04   0x00000054   Code   RO          237    CL$$btod_d2e_denorm_low  c_t.l(btod.o)
    0x00001a58   0x00001a58   0x00000068   Code   RO          236    CL$$btod_d2e_norm_op1  c_t.l(btod.o)
    0x00001ac0   0x00001ac0   0x0000034c   Code   RO          245    CL$$btod_div_common  c_t.l(btod.o)
    0x00001e0c   0x00001e0c   0x000000f4   Code   RO          242    CL$$btod_e2e        c_t.l(btod.o)
    0x00001f00   0x00001f00   0x00000004   Ven    RO          239    CL$$btod_ediv       c_t.l(btod.o)
    0x00001f04   0x00001f04   0x00000038   Code   RO          239    CL$$btod_ediv       c_t.l(btod.o)
    0x00001f3c   0x00001f3c   0x00000004   Ven    RO          238    CL$$btod_emul       c_t.l(btod.o)
    0x00001f40   0x00001f40   0x00000038   Code   RO          238    CL$$btod_emul       c_t.l(btod.o)
    0x00001f78   0x00001f78   0x00000268   Code   RO          244    CL$$btod_mult_common  c_t.l(btod.o)
    0x000021e0   0x000021e0   0x0000000c   Ven    RO          643    Veneer$$Code        anon$$obj.o
    0x000021ec   0x000021ec   0x00000002   Code   RO          128    i.__ARM_common_call_via_r1  c_t.l(__printf.o)
    0x000021ee   0x000021ee   0x00000002   Code   RO          126    i.__ARM_common_call_via_r2  c_t.l(__printf.o)
    0x000021f0   0x000021f0   0x00000004   Ven    RO          278    i.__ARM_fpclassify  m_ts.l(fpclassify.o)
    0x000021f4   0x000021f4   0x00000030   Code   RO          278    i.__ARM_fpclassify  m_ts.l(fpclassify.o)
    0x00002224   0x00002224   0x00000030   Code   RO           11    i.delay             main.o
    0x00002254   0x00002254   0x00000018   Code   RO           43    i.delay             lcd_4bit.o
    0x0000226c   0x0000226c   0x00000024   Code   RO          260    i.fputc             c_t.l(fputc.o)
    0x00002290   0x00002290   0x00000020   Code   RO           44    i.lcd_clear         lcd_4bit.o
    0x000022b0   0x000022b0   0x000000c0   Code   RO           45    i.lcd_init          lcd_4bit.o
    0x00002370   0x00002370   0x00000028   Code   RO           46    i.lcd_print         lcd_4bit.o
    0x00002398   0x00002398   0x00000018   Code   RO           47    i.lcd_putchar       lcd_4bit.o
    0x000023b0   0x000023b0   0x000000c0   Code   RO           48    i.lcd_read_status   lcd_4bit.o
    0x00002470   0x00002470   0x00000058   Code   RO           49    i.lcd_write_4bit    lcd_4bit.o
    0x000024c8   0x000024c8   0x00000034   Code   RO           50    i.lcd_write_cmd     lcd_4bit.o
    0x000024fc   0x000024fc   0x00000034   Code   RO           51    i.lcd_write_data    lcd_4bit.o
    0x00002530   0x00002530   0x00000194   Code   RO           12    i.main              main.o
    0x000026c4   0x000026c4   0x00000034   Code   RO           52    i.set_cursor        lcd_4bit.o
    0x000026f8   0x000026f8   0x00000020   Code   RO           53    i.wait_while_busy   lcd_4bit.o
    0x00002718   0x00002718   0x00000004   Ven    RO          272    locale$$code        c_t.l(lc_numeric_c.o)
    0x0000271c   0x0000271c   0x00000050   Code   RO          272    locale$$code        c_t.l(lc_numeric_c.o)
    0x0000276c   0x0000276c   0x0000006c   Code   RO          159    x$fpl$d2f           fz_ts.l(d2f.o)
    0x000027d8   0x000027d8   0x000002e0   Code   RO          162    x$fpl$ddiv          fz_ts.l(ddiv.o)
    0x00002ab8   0x00002ab8   0x00000058   Code   RO          166    x$fpl$dflt          fz_ts.l(dflt_noclz.o)
    0x00002b10   0x00002b10   0x0000000c   Code   RO          165    x$fpl$dfltu         fz_ts.l(dflt_noclz.o)
    0x00002b1c   0x00002b1c   0x00000180   Code   RO          169    x$fpl$dmul          fz_ts.l(dmul.o)
    0x00002c9c   0x00002c9c   0x000000c0   Code   RO          193    x$fpl$dnaninf       fz_ts.l(dnaninf.o)
    0x00002d5c   0x00002d5c   0x00000010   Code   RO          195    x$fpl$dretinf       fz_ts.l(dretinf.o)
    0x00002d6c   0x00002d6c   0x00000064   Code   RO          171    x$fpl$f2d           fz_ts.l(f2d.o)
    0x00002dd0   0x00002dd0   0x000000a8   Code   RO          197    x$fpl$fnaninf       fz_ts.l(fnaninf.o)
    0x00002e78   0x00002e78   0x00000010   Code   RO          199    x$fpl$fretinf       fz_ts.l(fretinf.o)
    0x00002e88   0x00002e88   0x00000004   Ven    RO          276    x$fpl$ieeestatus    fz_ts.l(istatus.o)
    0x00002e8c   0x00002e8c   0x00000008   Code   RO          276    x$fpl$ieeestatus    fz_ts.l(istatus.o)
    0x00002e94   0x00002e94   0x00000004   Code   RO          173    x$fpl$printf1       fz_ts.l(printf1.o)
    0x00002e98   0x00002e98   0x00000000   Code   RO          201    x$fpl$usenofp       fz_ts.l(usenofp.o)
    0x00002e98   0x00002e98   0x00000040   Data   RO           54    .constdata          lcd_4bit.o
    0x00002ed8   0x00002ed8   0x00000094   Data   RO          233    .constdata          c_t.l(bigflt0.o)
    0x00002f6c   0x00002f6c   0x00000004   Data   RO          281    .constdata          c_t.l(sys_io.o)
    0x00002f70   0x00002f70   0x00000004   Data   RO          282    .constdata          c_t.l(sys_io.o)
    0x00002f74   0x00002f74   0x00000004   Data   RO          283    .constdata          c_t.l(sys_io.o)
    0x00002f78   0x00002f78   0x00000020   Data   RO          615    Region$$Table       anon$$obj.o
    0x00002f98   0x00002f98   0x0000001c   Data   RO          271    locale$$data        c_t.l(lc_numeric_c.o)


    Execution Region RW_IRAM1 (Exec base: 0x40000000, Load base: 0x00002fb4, Size: 0x00000678, Max: 0x00008000, ABSOLUTE)

    Exec Addr    Load Addr    Size         Type   Attr      Idx    E Section Name        Object

    0x40000000   0x00002fb4   0x00000008   Data   RW           13    .data               main.o
    0x40000008   0x00002fbc   0x00000004   Data   RW          190    .data               c_t.l(stdio_streams.o)
    0x4000000c   0x00002fc0   0x00000004   Data   RW          191    .data               c_t.l(stdio_streams.o)
    0x40000010   0x00002fc4   0x00000004   Data   RW          192    .data               c_t.l(stdio_streams.o)
    0x40000014        -       0x00000054   Zero   RW          187    .bss                c_t.l(stdio_streams.o)
    0x40000068        -       0x00000054   Zero   RW          188    .bss                c_t.l(stdio_streams.o)
    0x400000bc        -       0x00000054   Zero   RW          189    .bss                c_t.l(stdio_streams.o)
    0x40000110        -       0x00000060   Zero   RW          286    .bss                c_t.l(libspace.o)
    0x40000170        -       0x00000000   Zero   RW            2    HEAP                lpc2300.o
    0x40000170        -       0x00000508   Zero   RW            1    STACK               lpc2300.o


==============================================================================

Image component sizes


      Code (inc. data)   RO Data    RW Data    ZI Data      Debug   Object Name

       780         32         64          0          0       6586   lcd_4bit.o
       596         92          0          0       1288        620   lpc2300.o
       452         64          0          8          0       2645   main.o

    ----------------------------------------------------------------------
      1840        192         96          8       1288       9851   Object Totals
        12          4         32          0          0          0   (incl. Generated)
         0          0          0          0          0          0   (incl. Padding)

    ----------------------------------------------------------------------

      Code (inc. data)   RO Data    RW Data    ZI Data      Debug   Library Member Name

         8          0          0          0          0         68   __main.o
       122          0          0          0          0        208   __printf.o
         0          0          0          0          0          0   __rtentry.o
        44          4          0          0          0          0   __rtentry2.o
         8          0          0          0          0          0   __rtentry4.o
        60          8          0          0          0          0   __scatter.o
        40          0          0          0          0          0   __scatter_copy.o
        44          0          0          0          0          0   __scatter_zi.o
        58          0          0          0          0        112   _printf_char.o
        48          4          0          0          0         96   _printf_char_common.o
        44          6          0          0          0         88   _printf_char_file.o
         8          0          0          0          0          0   _printf_f.o
      1056         12          0          0          0        188   _printf_fp_dec.o
       144         16          0          0          0         88   _printf_fp_infnan.o
         4          0          0          0          0          0   _printf_percent.o
         8          0          0          0          0          0   _printf_percent_end.o
         8          0          0          0          0          0   _printf_s.o
        88          0          0          0          0         84   _printf_str.o
        10          0          0          0          0         60   _sputc.o
       388          0          0          0          0         80   aeabi_sdiv.o
       220          6        148          0          0         96   bigflt0.o
      2072        128          0          0          0        700   btod.o
        16          0          0          0          0         80   defsig_exit.o
        56          0          0          0          0         84   defsig_general.o
        84         58          0          0          0         80   defsig_rtmem_inner.o
        16          0          0          0          0         80   defsig_rtmem_outer.o
        56         38          0          0          0         80   defsig_rtred_inner.o
        16          0          0          0          0         80   defsig_rtred_outer.o
        20          0          0          0          0         80   exit.o
        80          4          0          0          0         92   fclose.o
         8          0          0          0          0         60   ferror.o
       500          8          0          0          0         92   flsbuf.o
       240          8          0          0          0        140   fopen.o
        36          0          0          0          0         80   fputc.o
       248          4          0          0          0         92   fseek.o
        70          0          0          0          0         80   ftell.o
       110          0          0          0          0        116   h1_alloc.o
        56          0          0          0          0         80   h1_extend.o
        84          0          0          0          0        100   h1_free.o
        14          0          0          0          0         76   h1_init.o
         6          0          0          0          0        136   heapauxi.o
         4          0          0          0          0        120   hguard.o
         0          0          0          0          0          0   indicate_semi.o
       148          0          0          0          0        192   init_alloc.o
       324         44          0          0          0        120   initio.o
        84          8         28          0          0         92   lc_numeric_c.o
        10          0          0          0          0          0   libinit.o
        40          0          0          0          0          0   libinit2.o
        12          0          0          0          0          0   libshutdown.o
        10          0          0          0          0          0   libshutdown2.o
        12          4          0          0         96         68   libspace.o
       164          0          0          0          0         96   lludiv10.o
         0          0          0          0          0          0   maybetermalloc1.o
        36          6          0          0          0         84   noretval__2printf.o
        48          4          0          0          0         84   noretval__2sprintf.o
        16          4          0          0          0         68   rt_errno_addr_intlibspace.o
        16          4          0          0          0         68   rt_heap_descriptor_intlibspace.o
        16          4          0          0          0         68   rt_locale_intlibspace.o
        88          0          0          0          0         80   rt_memclr_w.o
         8          0          0          0          0          0   rtexit.o
        12          0          0          0          0          0   rtexit2.o
        48          0          0          0          0         68   rtudiv10.o
        80          6          0          0          0         80   setvbuf.o
       252          8          0          0          0        184   stdio.o
         0          0          0         12        252          0   stdio_streams.o
       244          4          0          0          0         80   strcmp.o
        68          4          0          0          0         76   strlen.o
        20          4          0          0          0         60   sys_exit.o
       116          0         12          0          0        260   sys_io.o
        96          0          0          0          0         80   sys_stackheap_outer.o
        16          0          0          0          0         76   sys_wrch.o
         4          0          0          0          0         68   use_no_semi.o
       108          4          0          0          0         92   d2f.o
       736        140          0          0          0        228   ddiv.o
       100          0          0          0          0        136   dflt_noclz.o
       384         16          0          0          0        124   dmul.o
       192          0          0          0          0        108   dnaninf.o
        16          0          0          0          0         68   dretinf.o
       100          4          0          0          0         84   f2d.o
       168          0          0          0          0         96   fnaninf.o
        16          0          0          0          0         68   fretinf.o
        12          0          0          0          0         68   istatus.o
         4          0          0          0          0         68   printf1.o
         0          0          0          0          0          0   usenofp.o
        52          0          0          0          0         68   fpclassify.o

    ----------------------------------------------------------------------
     10088        572        188         12        348       6956   Library Totals
        10          0          0          0          0          0   (incl. Padding)

    ----------------------------------------------------------------------

      Code (inc. data)   RO Data    RW Data    ZI Data      Debug   Library Name

      8190        408        188         12        348       5748   c_t.l
      1836        164          0          0          0       1140   fz_ts.l
        52          0          0          0          0         68   m_ts.l

    ----------------------------------------------------------------------
     10088        572        188         12        348       6956   Library Totals

    ----------------------------------------------------------------------

==============================================================================


      Code (inc. data)   RO Data    RW Data    ZI Data      Debug   

     11928        764        284         20       1636      12823   Grand Totals
     11928        764        284         20       1636      12823   ELF Image Totals
     11928        764        284         20          0          0   ROM Totals

==============================================================================

    Total RO  Size (Code + RO Data)                12212 (  11.93kB)
    Total RW  Size (RW Data + ZI Data)              1656 (   1.62kB)
    Total ROM Size (Code + RO Data + RW Data)      12232 (  11.95kB)

==============================================================================

